Failed to load native library:jansi-2.4.2-5fadf9eaee57b84b-libjansi.so. The native library file at /tmp/jansi-2.4.2-5fadf9eaee57b84b-libjansi.so is not executable, make sure that the directory is mounted on a partition without the noexec flag, or set the jansi.tmpdir system property to point to a proper location.  osinfo: Linux/arm64
java.lang.UnsatisfiedLinkError: /tmp/jansi-2.4.2-5fadf9eaee57b84b-libjansi.so: /tmp/jansi-2.4.2-5fadf9eaee57b84b-libjansi.so: failed to map segment from shared object
[INFO] Scanning for projects...
[INFO] ------------------------------------------------------------------------
[INFO] Reactor Build Order:
[INFO] 
[INFO] skillhub-parent                                                    [pom]
[INFO] skillhub-storage                                                   [jar]
[INFO] skillhub-domain                                                    [jar]
[INFO] skillhub-auth                                                      [jar]
[INFO] skillhub-notification                                              [jar]
[INFO] skillhub-infra                                                     [jar]
[INFO] skillhub-search                                                    [jar]
[INFO] skillhub-app                                                       [jar]
[INFO] 
[INFO] ----------------< com.iflytek.skillhub:skillhub-parent >----------------
[INFO] Building skillhub-parent 0.1.0                                     [1/8]
[INFO]   from pom.xml
[INFO] --------------------------------[ pom ]---------------------------------
[INFO] 
[INFO] ---------------< com.iflytek.skillhub:skillhub-storage >----------------
[INFO] Building skillhub-storage 0.1.0                                    [2/8]
[INFO]   from skillhub-storage/pom.xml
[INFO] --------------------------------[ jar ]---------------------------------
[INFO] 
[INFO] --- resources:3.3.1:resources (default-resources) @ skillhub-storage ---
[INFO] skip non existing resourceDirectory /workspaces/140e8421-7099-4023-91fd-4c09406f46a2/8e9589ec/workdir/skillhub-base/server/skillhub-storage/src/main/resources
[INFO] skip non existing resourceDirectory /workspaces/140e8421-7099-4023-91fd-4c09406f46a2/8e9589ec/workdir/skillhub-base/server/skillhub-storage/src/main/resources
[INFO] 
[INFO] --- compiler:3.11.0:compile (default-compile) @ skillhub-storage ---
[INFO] Nothing to compile - all classes are up to date
[INFO] 
[INFO] --- resources:3.3.1:testResources (default-testResources) @ skillhub-storage ---
[INFO] skip non existing resourceDirectory /workspaces/140e8421-7099-4023-91fd-4c09406f46a2/8e9589ec/workdir/skillhub-base/server/skillhub-storage/src/test/resources
[INFO] 
[INFO] --- compiler:3.11.0:testCompile (default-testCompile) @ skillhub-storage ---
[INFO] Nothing to compile - all classes are up to date
[INFO] 
[INFO] --- surefire:3.1.2:test (default-test) @ skillhub-storage ---
[INFO] 
[INFO] ----------------< com.iflytek.skillhub:skillhub-domain >----------------
[INFO] Building skillhub-domain 0.1.0                                     [3/8]
[INFO]   from skillhub-domain/pom.xml
[INFO] --------------------------------[ jar ]---------------------------------
[INFO] 
[INFO] --- resources:3.3.1:resources (default-resources) @ skillhub-domain ---
[INFO] skip non existing resourceDirectory /workspaces/140e8421-7099-4023-91fd-4c09406f46a2/8e9589ec/workdir/skillhub-base/server/skillhub-domain/src/main/resources
[INFO] skip non existing resourceDirectory /workspaces/140e8421-7099-4023-91fd-4c09406f46a2/8e9589ec/workdir/skillhub-base/server/skillhub-domain/src/main/resources
[INFO] 
[INFO] --- compiler:3.11.0:compile (default-compile) @ skillhub-domain ---
[INFO] Nothing to compile - all classes are up to date
[INFO] 
[INFO] --- resources:3.3.1:testResources (default-testResources) @ skillhub-domain ---
[INFO] Copying 1 resource from src/test/resources to target/test-classes
[INFO] 
[INFO] --- compiler:3.11.0:testCompile (default-testCompile) @ skillhub-domain ---
[INFO] Changes detected - recompiling the module! :source
[INFO] Compiling 34 source files with javac [debug release 21] to target/test-classes
[INFO] /workspaces/140e8421-7099-4023-91fd-4c09406f46a2/8e9589ec/workdir/skillhub-base/server/skillhub-domain/src/test/java/com/iflytek/skillhub/domain/review/PromotionServiceTest.java: /workspaces/140e8421-7099-4023-91fd-4c09406f46a2/8e9589ec/workdir/skillhub-base/server/skillhub-domain/src/test/java/com/iflytek/skillhub/domain/review/PromotionServiceTest.java uses unchecked or unsafe operations.
[INFO] /workspaces/140e8421-7099-4023-91fd-4c09406f46a2/8e9589ec/workdir/skillhub-base/server/skillhub-domain/src/test/java/com/iflytek/skillhub/domain/review/PromotionServiceTest.java: Recompile with -Xlint:unchecked for details.
[INFO] 
[INFO] --- surefire:3.1.2:test (default-test) @ skillhub-domain ---
[INFO] 
[INFO] -----------------< com.iflytek.skillhub:skillhub-auth >-----------------
[INFO] Building skillhub-auth 0.1.0                                       [4/8]
[INFO]   from skillhub-auth/pom.xml
[INFO] --------------------------------[ jar ]---------------------------------
[INFO] 
[INFO] --- resources:3.3.1:resources (default-resources) @ skillhub-auth ---
[INFO] skip non existing resourceDirectory /workspaces/140e8421-7099-4023-91fd-4c09406f46a2/8e9589ec/workdir/skillhub-base/server/skillhub-auth/src/main/resources
[INFO] skip non existing resourceDirectory /workspaces/140e8421-7099-4023-91fd-4c09406f46a2/8e9589ec/workdir/skillhub-base/server/skillhub-auth/src/main/resources
[INFO] 
[INFO] --- compiler:3.11.0:compile (default-compile) @ skillhub-auth ---
[INFO] Changes detected - recompiling the module! :source
[INFO] Compiling 79 source files with javac [debug release 21] to target/classes
[INFO] Annotation processing is enabled because one or more processors were found
  on the class path. A future release of javac may disable annotation processing
  unless at least one processor is specified by name (-processor), or a search
  path is specified (--processor-path, --processor-module-path), or annotation
  processing is enabled explicitly (-proc:only, -proc:full).
  Use -Xlint:-options to suppress this message.
  Use -proc:none to disable annotation processing.
[INFO] 
[INFO] --- resources:3.3.1:testResources (default-testResources) @ skillhub-auth ---
[INFO] Copying 1 resource from src/test/resources to target/test-classes
[INFO] 
[INFO] --- compiler:3.11.0:testCompile (default-testCompile) @ skillhub-auth ---
[INFO] Changes detected - recompiling the module! :dependency
[INFO] Compiling 19 source files with javac [debug release 21] to target/test-classes
[INFO] Annotation processing is enabled because one or more processors were found
  on the class path. A future release of javac may disable annotation processing
  unless at least one processor is specified by name (-processor), or a search
  path is specified (--processor-path, --processor-module-path), or annotation
  processing is enabled explicitly (-proc:only, -proc:full).
  Use -Xlint:-options to suppress this message.
  Use -proc:none to disable annotation processing.
[INFO] 
[INFO] --- surefire:3.1.2:test (default-test) @ skillhub-auth ---
[INFO] 
[INFO] -------------< com.iflytek.skillhub:skillhub-notification >-------------
[INFO] Building skillhub-notification 0.1.0                               [5/8]
[INFO]   from skillhub-notification/pom.xml
[INFO] --------------------------------[ jar ]---------------------------------
[INFO] 
[INFO] --- resources:3.3.1:resources (default-resources) @ skillhub-notification ---
[INFO] skip non existing resourceDirectory /workspaces/140e8421-7099-4023-91fd-4c09406f46a2/8e9589ec/workdir/skillhub-base/server/skillhub-notification/src/main/resources
[INFO] skip non existing resourceDirectory /workspaces/140e8421-7099-4023-91fd-4c09406f46a2/8e9589ec/workdir/skillhub-base/server/skillhub-notification/src/main/resources
[INFO] 
[INFO] --- compiler:3.11.0:compile (default-compile) @ skillhub-notification ---
[INFO] Changes detected - recompiling the module! :source
[INFO] Compiling 12 source files with javac [debug release 21] to target/classes
[INFO] 
[INFO] --- resources:3.3.1:testResources (default-testResources) @ skillhub-notification ---
[INFO] skip non existing resourceDirectory /workspaces/140e8421-7099-4023-91fd-4c09406f46a2/8e9589ec/workdir/skillhub-base/server/skillhub-notification/src/test/resources
[INFO] 
[INFO] --- compiler:3.11.0:testCompile (default-testCompile) @ skillhub-notification ---
[INFO] Changes detected - recompiling the module! :dependency
[INFO] Compiling 6 source files with javac [debug release 21] to target/test-classes
[INFO] 
[INFO] --- surefire:3.1.2:test (default-test) @ skillhub-notification ---
[INFO] 
[INFO] ----------------< com.iflytek.skillhub:skillhub-infra >-----------------
[INFO] Building skillhub-infra 0.1.0                                      [6/8]
[INFO]   from skillhub-infra/pom.xml
[INFO] --------------------------------[ jar ]---------------------------------
[INFO] 
[INFO] --- resources:3.3.1:resources (default-resources) @ skillhub-infra ---
[INFO] skip non existing resourceDirectory /workspaces/140e8421-7099-4023-91fd-4c09406f46a2/8e9589ec/workdir/skillhub-base/server/skillhub-infra/src/main/resources
[INFO] skip non existing resourceDirectory /workspaces/140e8421-7099-4023-91fd-4c09406f46a2/8e9589ec/workdir/skillhub-base/server/skillhub-infra/src/main/resources
[INFO] 
[INFO] --- compiler:3.11.0:compile (default-compile) @ skillhub-infra ---
[INFO] Changes detected - recompiling the module! :dependency
[INFO] Compiling 40 source files with javac [debug release 21] to target/classes
[INFO] 
[INFO] --- resources:3.3.1:testResources (default-testResources) @ skillhub-infra ---
[INFO] skip non existing resourceDirectory /workspaces/140e8421-7099-4023-91fd-4c09406f46a2/8e9589ec/workdir/skillhub-base/server/skillhub-infra/src/test/resources
[INFO] 
[INFO] --- compiler:3.11.0:testCompile (default-testCompile) @ skillhub-infra ---
[INFO] Changes detected - recompiling the module! :dependency
[INFO] Compiling 3 source files with javac [debug release 21] to target/test-classes
[INFO] 
[INFO] --- surefire:3.1.2:test (default-test) @ skillhub-infra ---
[INFO] 
[INFO] ----------------< com.iflytek.skillhub:skillhub-search >----------------
[INFO] Building skillhub-search 0.1.0                                     [7/8]
[INFO]   from skillhub-search/pom.xml
[INFO] --------------------------------[ jar ]---------------------------------
[INFO] 
[INFO] --- resources:3.3.1:resources (default-resources) @ skillhub-search ---
[INFO] skip non existing resourceDirectory /workspaces/140e8421-7099-4023-91fd-4c09406f46a2/8e9589ec/workdir/skillhub-base/server/skillhub-search/src/main/resources
[INFO] skip non existing resourceDirectory /workspaces/140e8421-7099-4023-91fd-4c09406f46a2/8e9589ec/workdir/skillhub-base/server/skillhub-search/src/main/resources
[INFO] 
[INFO] --- compiler:3.11.0:compile (default-compile) @ skillhub-search ---
[INFO] Changes detected - recompiling the module! :dependency
[INFO] Compiling 17 source files with javac [debug release 21] to target/classes
[INFO] 
[INFO] --- resources:3.3.1:testResources (default-testResources) @ skillhub-search ---
[INFO] Copying 1 resource from src/test/resources to target/test-classes
[INFO] 
[INFO] --- compiler:3.11.0:testCompile (default-testCompile) @ skillhub-search ---
[INFO] Changes detected - recompiling the module! :dependency
[INFO] Compiling 6 source files with javac [debug release 21] to target/test-classes
[INFO] 
[INFO] --- surefire:3.1.2:test (default-test) @ skillhub-search ---
[INFO] 
[INFO] -----------------< com.iflytek.skillhub:skillhub-app >------------------
[INFO] Building skillhub-app 0.1.0                                        [8/8]
[INFO]   from skillhub-app/pom.xml
[INFO] --------------------------------[ jar ]---------------------------------
[INFO] 
[INFO] --- resources:3.3.1:resources (default-resources) @ skillhub-app ---
[INFO] Copying 3 resources from src/main/resources to target/classes
[INFO] Copying 49 resources from src/main/resources to target/classes
[INFO] 
[INFO] --- compiler:3.11.0:compile (default-compile) @ skillhub-app ---
[INFO] Changes detected - recompiling the module! :dependency
[INFO] Compiling 316 source files with javac [debug release 21] to target/classes
[INFO] 
[INFO] --- resources:3.3.1:testResources (default-testResources) @ skillhub-app ---
[INFO] Copying 3 resources from src/test/resources to target/test-classes
[INFO] 
[INFO] --- compiler:3.11.0:testCompile (default-testCompile) @ skillhub-app ---
[INFO] Changes detected - recompiling the module! :dependency
[INFO] Compiling 150 source files with javac [debug release 21] to target/test-classes
[INFO] /workspaces/140e8421-7099-4023-91fd-4c09406f46a2/8e9589ec/workdir/skillhub-base/server/skillhub-app/src/test/java/com/iflytek/skillhub/exception/GlobalExceptionHandlerTest.java: /workspaces/140e8421-7099-4023-91fd-4c09406f46a2/8e9589ec/workdir/skillhub-base/server/skillhub-app/src/test/java/com/iflytek/skillhub/exception/GlobalExceptionHandlerTest.java uses or overrides a deprecated API.
[INFO] /workspaces/140e8421-7099-4023-91fd-4c09406f46a2/8e9589ec/workdir/skillhub-base/server/skillhub-app/src/test/java/com/iflytek/skillhub/exception/GlobalExceptionHandlerTest.java: Recompile with -Xlint:deprecation for details.
[INFO] /workspaces/140e8421-7099-4023-91fd-4c09406f46a2/8e9589ec/workdir/skillhub-base/server/skillhub-app/src/test/java/com/iflytek/skillhub/listener/SubscriberNotificationSinkTest.java: Some input files use unchecked or unsafe operations.
[INFO] /workspaces/140e8421-7099-4023-91fd-4c09406f46a2/8e9589ec/workdir/skillhub-base/server/skillhub-app/src/test/java/com/iflytek/skillhub/listener/SubscriberNotificationSinkTest.java: Recompile with -Xlint:unchecked for details.
[INFO] -------------------------------------------------------------
[ERROR] COMPILATION ERROR : 
[INFO] -------------------------------------------------------------
[ERROR] /workspaces/140e8421-7099-4023-91fd-4c09406f46a2/8e9589ec/workdir/skillhub-base/server/skillhub-app/src/test/java/com/iflytek/skillhub/listener/SubscriberAccessResolverTest.java:[42,13] cannot find symbol
  symbol:   class SubscriberAccessResolver
  location: class com.iflytek.skillhub.listener.SubscriberAccessResolverTest
[ERROR] /workspaces/140e8421-7099-4023-91fd-4c09406f46a2/8e9589ec/workdir/skillhub-base/server/skillhub-app/src/test/java/com/iflytek/skillhub/listener/NotificationEventListenerTest.java:[33,11] cannot find symbol
  symbol:   class SubscriberAccessResolver
  location: class com.iflytek.skillhub.listener.NotificationEventListenerTest
[ERROR] /workspaces/140e8421-7099-4023-91fd-4c09406f46a2/8e9589ec/workdir/skillhub-base/server/skillhub-app/src/test/java/com/iflytek/skillhub/listener/SubscriberAccessResolverTest.java:[48,24] cannot find symbol
  symbol:   class SubscriberAccessResolver
  location: class com.iflytek.skillhub.listener.SubscriberAccessResolverTest
[ERROR] /workspaces/140e8421-7099-4023-91fd-4c09406f46a2/8e9589ec/workdir/skillhub-base/server/skillhub-app/src/test/java/com/iflytek/skillhub/listener/SubscriberAccessResolverTest.java:[67,39] cannot find symbol
  symbol:   method findByNamespaceIdAndUserIdIn(long,java.util.List<java.lang.String>)
  location: variable namespaceMemberRepository of type com.iflytek.skillhub.domain.namespace.NamespaceMemberRepository
[ERROR] /workspaces/140e8421-7099-4023-91fd-4c09406f46a2/8e9589ec/workdir/skillhub-base/server/skillhub-app/src/test/java/com/iflytek/skillhub/listener/SubscriberAccessResolverTest.java:[72,31] no suitable method found for canAccess(com.iflytek.skillhub.domain.skill.Skill,com.iflytek.skillhub.domain.user.UserAccount,com.iflytek.skillhub.domain.namespace.Namespace,com.iflytek.skillhub.domain.namespace.NamespaceRole,java.util.Set<java.lang.Object>)
    method com.iflytek.skillhub.domain.skill.VisibilityChecker.canAccess(com.iflytek.skillhub.domain.skill.Skill,java.lang.String,java.util.Map<java.lang.Long,com.iflytek.skillhub.domain.namespace.NamespaceRole>) is not applicable
      (actual and formal argument lists differ in length)
    method com.iflytek.skillhub.domain.skill.VisibilityChecker.canAccess(com.iflytek.skillhub.domain.skill.Skill,java.lang.String,java.util.Map<java.lang.Long,com.iflytek.skillhub.domain.namespace.NamespaceRole>,java.util.Set<java.lang.String>) is not applicable
      (actual and formal argument lists differ in length)
[ERROR] /workspaces/140e8421-7099-4023-91fd-4c09406f46a2/8e9589ec/workdir/skillhub-base/server/skillhub-app/src/test/java/com/iflytek/skillhub/listener/SubscriberAccessResolverTest.java:[74,31] no suitable method found for canAccess(com.iflytek.skillhub.domain.skill.Skill,com.iflytek.skillhub.domain.user.UserAccount,com.iflytek.skillhub.domain.namespace.Namespace,com.iflytek.skillhub.domain.namespace.NamespaceRole,java.util.Set<java.lang.Object>)
    method com.iflytek.skillhub.domain.skill.VisibilityChecker.canAccess(com.iflytek.skillhub.domain.skill.Skill,java.lang.String,java.util.Map<java.lang.Long,com.iflytek.skillhub.domain.namespace.NamespaceRole>) is not applicable
      (actual and formal argument lists differ in length)
    method com.iflytek.skillhub.domain.skill.VisibilityChecker.canAccess(com.iflytek.skillhub.domain.skill.Skill,java.lang.String,java.util.Map<java.lang.Long,com.iflytek.skillhub.domain.namespace.NamespaceRole>,java.util.Set<java.lang.String>) is not applicable
      (actual and formal argument lists differ in length)
[ERROR] /workspaces/140e8421-7099-4023-91fd-4c09406f46a2/8e9589ec/workdir/skillhub-base/server/skillhub-app/src/test/java/com/iflytek/skillhub/listener/SubscriberAccessResolverTest.java:[82,42] cannot find symbol
  symbol:   method findByNamespaceIdAndUserIdIn(long,java.util.List<java.lang.String>)
  location: interface com.iflytek.skillhub.domain.namespace.NamespaceMemberRepository
[ERROR] /workspaces/140e8421-7099-4023-91fd-4c09406f46a2/8e9589ec/workdir/skillhub-base/server/skillhub-app/src/test/java/com/iflytek/skillhub/listener/SubscriberAccessResolverTest.java:[94,39] cannot find symbol
  symbol:   method findByNamespaceIdAndUserIdIn(long,java.util.List<java.lang.String>)
  location: variable namespaceMemberRepository of type com.iflytek.skillhub.domain.namespace.NamespaceMemberRepository
[ERROR] /workspaces/140e8421-7099-4023-91fd-4c09406f46a2/8e9589ec/workdir/skillhub-base/server/skillhub-app/src/test/java/com/iflytek/skillhub/listener/SubscriberAccessResolverTest.java:[98,31] no suitable method found for canAccess(com.iflytek.skillhub.domain.skill.Skill,com.iflytek.skillhub.domain.user.UserAccount,com.iflytek.skillhub.domain.namespace.Namespace,com.iflytek.skillhub.domain.namespace.NamespaceRole,java.util.Set<java.lang.String>)
    method com.iflytek.skillhub.domain.skill.VisibilityChecker.canAccess(com.iflytek.skillhub.domain.skill.Skill,java.lang.String,java.util.Map<java.lang.Long,com.iflytek.skillhub.domain.namespace.NamespaceRole>) is not applicable
      (actual and formal argument lists differ in length)
    method com.iflytek.skillhub.domain.skill.VisibilityChecker.canAccess(com.iflytek.skillhub.domain.skill.Skill,java.lang.String,java.util.Map<java.lang.Long,com.iflytek.skillhub.domain.namespace.NamespaceRole>,java.util.Set<java.lang.String>) is not applicable
      (actual and formal argument lists differ in length)
[ERROR] /workspaces/140e8421-7099-4023-91fd-4c09406f46a2/8e9589ec/workdir/skillhub-base/server/skillhub-app/src/test/java/com/iflytek/skillhub/listener/SubscriberAccessResolverTest.java:[113,51] cannot find symbol
  symbol:   method findByNamespaceIdAndUserIdIn(java.lang.Object,java.lang.Object)
  location: interface com.iflytek.skillhub.domain.namespace.NamespaceMemberRepository
[ERROR] /workspaces/140e8421-7099-4023-91fd-4c09406f46a2/8e9589ec/workdir/skillhub-base/server/skillhub-app/src/test/java/com/iflytek/skillhub/listener/SubscriberAccessResolverTest.java:[124,43] no suitable method found for canAccess(java.lang.Object,java.lang.Object,java.lang.Object,java.lang.Object,java.lang.Object)
    method com.iflytek.skillhub.domain.skill.VisibilityChecker.canAccess(com.iflytek.skillhub.domain.skill.Skill,java.lang.String,java.util.Map<java.lang.Long,com.iflytek.skillhub.domain.namespace.NamespaceRole>) is not applicable
      (actual and formal argument lists differ in length)
    method com.iflytek.skillhub.domain.skill.VisibilityChecker.canAccess(com.iflytek.skillhub.domain.skill.Skill,java.lang.String,java.util.Map<java.lang.Long,com.iflytek.skillhub.domain.namespace.NamespaceRole>,java.util.Set<java.lang.String>) is not applicable
      (actual and formal argument lists differ in length)
[ERROR] /workspaces/140e8421-7099-4023-91fd-4c09406f46a2/8e9589ec/workdir/skillhub-base/server/skillhub-app/src/test/java/com/iflytek/skillhub/listener/SubscriberNotificationSinkTest.java:[75,9] cannot find symbol
  symbol:   class SubscriberAccessResolver
  location: class com.iflytek.skillhub.listener.SubscriberNotificationSinkTest
[ERROR] /workspaces/140e8421-7099-4023-91fd-4c09406f46a2/8e9589ec/workdir/skillhub-base/server/skillhub-app/src/test/java/com/iflytek/skillhub/listener/SubscriberNotificationSinkTest.java:[75,65] cannot find symbol
  symbol:   class SubscriberAccessResolver
  location: class com.iflytek.skillhub.listener.SubscriberNotificationSinkTest
[ERROR] /workspaces/140e8421-7099-4023-91fd-4c09406f46a2/8e9589ec/workdir/skillhub-base/server/skillhub-app/src/test/java/com/iflytek/skillhub/listener/SubscriberNotificationSinkTest.java:[231,39] cannot find symbol
  symbol:   method findByNamespaceIdAndUserIdIn(long,java.util.List<java.lang.String>)
  location: variable namespaceMemberRepository of type com.iflytek.skillhub.domain.namespace.NamespaceMemberRepository
[ERROR] /workspaces/140e8421-7099-4023-91fd-4c09406f46a2/8e9589ec/workdir/skillhub-base/server/skillhub-app/src/test/java/com/iflytek/skillhub/controller/portal/SkillSubscriptionControllerTest.java:[69,41] method subscribe in class com.iflytek.skillhub.domain.social.SkillSubscriptionService cannot be applied to given types;
  required: java.lang.Long,java.lang.String
  found:    long,java.lang.String,java.util.Set<java.lang.String>
  reason: actual and formal argument lists differ in length
[INFO] 15 errors 
[INFO] -------------------------------------------------------------
[INFO] ------------------------------------------------------------------------
[INFO] Reactor Summary for skillhub-parent 0.1.0:
[INFO] 
[INFO] skillhub-parent .................................... SUCCESS [  0.010 s]
[INFO] skillhub-storage ................................... SUCCESS [  5.220 s]
[INFO] skillhub-domain .................................... SUCCESS [ 36.738 s]
[INFO] skillhub-auth ...................................... SUCCESS [ 13.520 s]
[INFO] skillhub-notification .............................. SUCCESS [  3.862 s]
[INFO] skillhub-infra ..................................... SUCCESS [  4.240 s]
[INFO] skillhub-search .................................... SUCCESS [  5.469 s]
[INFO] skillhub-app ....................................... FAILURE [ 30.149 s]
[INFO] ------------------------------------------------------------------------
[INFO] BUILD FAILURE
[INFO] ------------------------------------------------------------------------
[INFO] Total time:  01:41 min
[INFO] Finished at: 2026-08-21T17:06:02Z
[INFO] ------------------------------------------------------------------------
[ERROR] Failed to execute goal org.apache.maven.plugins:maven-compiler-plugin:3.11.0:testCompile (default-testCompile) on project skillhub-app: Compilation failure: Compilation failure: 
[ERROR] /workspaces/140e8421-7099-4023-91fd-4c09406f46a2/8e9589ec/workdir/skillhub-base/server/skillhub-app/src/test/java/com/iflytek/skillhub/listener/SubscriberAccessResolverTest.java:[42,13] cannot find symbol
[ERROR]   symbol:   class SubscriberAccessResolver
[ERROR]   location: class com.iflytek.skillhub.listener.SubscriberAccessResolverTest
[ERROR] /workspaces/140e8421-7099-4023-91fd-4c09406f46a2/8e9589ec/workdir/skillhub-base/server/skillhub-app/src/test/java/com/iflytek/skillhub/listener/NotificationEventListenerTest.java:[33,11] cannot find symbol
[ERROR]   symbol:   class SubscriberAccessResolver
[ERROR]   location: class com.iflytek.skillhub.listener.NotificationEventListenerTest
[ERROR] /workspaces/140e8421-7099-4023-91fd-4c09406f46a2/8e9589ec/workdir/skillhub-base/server/skillhub-app/src/test/java/com/iflytek/skillhub/listener/SubscriberAccessResolverTest.java:[48,24] cannot find symbol
[ERROR]   symbol:   class SubscriberAccessResolver
[ERROR]   location: class com.iflytek.skillhub.listener.SubscriberAccessResolverTest
[ERROR] /workspaces/140e8421-7099-4023-91fd-4c09406f46a2/8e9589ec/workdir/skillhub-base/server/skillhub-app/src/test/java/com/iflytek/skillhub/listener/SubscriberAccessResolverTest.java:[67,39] cannot find symbol
[ERROR]   symbol:   method findByNamespaceIdAndUserIdIn(long,java.util.List<java.lang.String>)
[ERROR]   location: variable namespaceMemberRepository of type com.iflytek.skillhub.domain.namespace.NamespaceMemberRepository
[ERROR] /workspaces/140e8421-7099-4023-91fd-4c09406f46a2/8e9589ec/workdir/skillhub-base/server/skillhub-app/src/test/java/com/iflytek/skillhub/listener/SubscriberAccessResolverTest.java:[72,31] no suitable method found for canAccess(com.iflytek.skillhub.domain.skill.Skill,com.iflytek.skillhub.domain.user.UserAccount,com.iflytek.skillhub.domain.namespace.Namespace,com.iflytek.skillhub.domain.namespace.NamespaceRole,java.util.Set<java.lang.Object>)
[ERROR]     method com.iflytek.skillhub.domain.skill.VisibilityChecker.canAccess(com.iflytek.skillhub.domain.skill.Skill,java.lang.String,java.util.Map<java.lang.Long,com.iflytek.skillhub.domain.namespace.NamespaceRole>) is not applicable
[ERROR]       (actual and formal argument lists differ in length)
[ERROR]     method com.iflytek.skillhub.domain.skill.VisibilityChecker.canAccess(com.iflytek.skillhub.domain.skill.Skill,java.lang.String,java.util.Map<java.lang.Long,com.iflytek.skillhub.domain.namespace.NamespaceRole>,java.util.Set<java.lang.String>) is not applicable
[ERROR]       (actual and formal argument lists differ in length)
[ERROR] /workspaces/140e8421-7099-4023-91fd-4c09406f46a2/8e9589ec/workdir/skillhub-base/server/skillhub-app/src/test/java/com/iflytek/skillhub/listener/SubscriberAccessResolverTest.java:[74,31] no suitable method found for canAccess(com.iflytek.skillhub.domain.skill.Skill,com.iflytek.skillhub.domain.user.UserAccount,com.iflytek.skillhub.domain.namespace.Namespace,com.iflytek.skillhub.domain.namespace.NamespaceRole,java.util.Set<java.lang.Object>)
[ERROR]     method com.iflytek.skillhub.domain.skill.VisibilityChecker.canAccess(com.iflytek.skillhub.domain.skill.Skill,java.lang.String,java.util.Map<java.lang.Long,com.iflytek.skillhub.domain.namespace.NamespaceRole>) is not applicable
[ERROR]       (actual and formal argument lists differ in length)
[ERROR]     method com.iflytek.skillhub.domain.skill.VisibilityChecker.canAccess(com.iflytek.skillhub.domain.skill.Skill,java.lang.String,java.util.Map<java.lang.Long,com.iflytek.skillhub.domain.namespace.NamespaceRole>,java.util.Set<java.lang.String>) is not applicable
[ERROR]       (actual and formal argument lists differ in length)
[ERROR] /workspaces/140e8421-7099-4023-91fd-4c09406f46a2/8e9589ec/workdir/skillhub-base/server/skillhub-app/src/test/java/com/iflytek/skillhub/listener/SubscriberAccessResolverTest.java:[82,42] cannot find symbol
[ERROR]   symbol:   method findByNamespaceIdAndUserIdIn(long,java.util.List<java.lang.String>)
[ERROR]   location: interface com.iflytek.skillhub.domain.namespace.NamespaceMemberRepository
[ERROR] /workspaces/140e8421-7099-4023-91fd-4c09406f46a2/8e9589ec/workdir/skillhub-base/server/skillhub-app/src/test/java/com/iflytek/skillhub/listener/SubscriberAccessResolverTest.java:[94,39] cannot find symbol
[ERROR]   symbol:   method findByNamespaceIdAndUserIdIn(long,java.util.List<java.lang.String>)
[ERROR]   location: variable namespaceMemberRepository of type com.iflytek.skillhub.domain.namespace.NamespaceMemberRepository
[ERROR] /workspaces/140e8421-7099-4023-91fd-4c09406f46a2/8e9589ec/workdir/skillhub-base/server/skillhub-app/src/test/java/com/iflytek/skillhub/listener/SubscriberAccessResolverTest.java:[98,31] no suitable method found for canAccess(com.iflytek.skillhub.domain.skill.Skill,com.iflytek.skillhub.domain.user.UserAccount,com.iflytek.skillhub.domain.namespace.Namespace,com.iflytek.skillhub.domain.namespace.NamespaceRole,java.util.Set<java.lang.String>)
[ERROR]     method com.iflytek.skillhub.domain.skill.VisibilityChecker.canAccess(com.iflytek.skillhub.domain.skill.Skill,java.lang.String,java.util.Map<java.lang.Long,com.iflytek.skillhub.domain.namespace.NamespaceRole>) is not applicable
[ERROR]       (actual and formal argument lists differ in length)
[ERROR]     method com.iflytek.skillhub.domain.skill.VisibilityChecker.canAccess(com.iflytek.skillhub.domain.skill.Skill,java.lang.String,java.util.Map<java.lang.Long,com.iflytek.skillhub.domain.namespace.NamespaceRole>,java.util.Set<java.lang.String>) is not applicable
[ERROR]       (actual and formal argument lists differ in length)
[ERROR] /workspaces/140e8421-7099-4023-91fd-4c09406f46a2/8e9589ec/workdir/skillhub-base/server/skillhub-app/src/test/java/com/iflytek/skillhub/listener/SubscriberAccessResolverTest.java:[113,51] cannot find symbol
[ERROR]   symbol:   method findByNamespaceIdAndUserIdIn(java.lang.Object,java.lang.Object)
[ERROR]   location: interface com.iflytek.skillhub.domain.namespace.NamespaceMemberRepository
[ERROR] /workspaces/140e8421-7099-4023-91fd-4c09406f46a2/8e9589ec/workdir/skillhub-base/server/skillhub-app/src/test/java/com/iflytek/skillhub/listener/SubscriberAccessResolverTest.java:[124,43] no suitable method found for canAccess(java.lang.Object,java.lang.Object,java.lang.Object,java.lang.Object,java.lang.Object)
[ERROR]     method com.iflytek.skillhub.domain.skill.VisibilityChecker.canAccess(com.iflytek.skillhub.domain.skill.Skill,java.lang.String,java.util.Map<java.lang.Long,com.iflytek.skillhub.domain.namespace.NamespaceRole>) is not applicable
[ERROR]       (actual and formal argument lists differ in length)
[ERROR]     method com.iflytek.skillhub.domain.skill.VisibilityChecker.canAccess(com.iflytek.skillhub.domain.skill.Skill,java.lang.String,java.util.Map<java.lang.Long,com.iflytek.skillhub.domain.namespace.NamespaceRole>,java.util.Set<java.lang.String>) is not applicable
[ERROR]       (actual and formal argument lists differ in length)
[ERROR] /workspaces/140e8421-7099-4023-91fd-4c09406f46a2/8e9589ec/workdir/skillhub-base/server/skillhub-app/src/test/java/com/iflytek/skillhub/listener/SubscriberNotificationSinkTest.java:[75,9] cannot find symbol
[ERROR]   symbol:   class SubscriberAccessResolver
[ERROR]   location: class com.iflytek.skillhub.listener.SubscriberNotificationSinkTest
[ERROR] /workspaces/140e8421-7099-4023-91fd-4c09406f46a2/8e9589ec/workdir/skillhub-base/server/skillhub-app/src/test/java/com/iflytek/skillhub/listener/SubscriberNotificationSinkTest.java:[75,65] cannot find symbol
[ERROR]   symbol:   class SubscriberAccessResolver
[ERROR]   location: class com.iflytek.skillhub.listener.SubscriberNotificationSinkTest
[ERROR] /workspaces/140e8421-7099-4023-91fd-4c09406f46a2/8e9589ec/workdir/skillhub-base/server/skillhub-app/src/test/java/com/iflytek/skillhub/listener/SubscriberNotificationSinkTest.java:[231,39] cannot find symbol
[ERROR]   symbol:   method findByNamespaceIdAndUserIdIn(long,java.util.List<java.lang.String>)
[ERROR]   location: variable namespaceMemberRepository of type com.iflytek.skillhub.domain.namespace.NamespaceMemberRepository
[ERROR] /workspaces/140e8421-7099-4023-91fd-4c09406f46a2/8e9589ec/workdir/skillhub-base/server/skillhub-app/src/test/java/com/iflytek/skillhub/controller/portal/SkillSubscriptionControllerTest.java:[69,41] method subscribe in class com.iflytek.skillhub.domain.social.SkillSubscriptionService cannot be applied to given types;
[ERROR]   required: java.lang.Long,java.lang.String
[ERROR]   found:    long,java.lang.String,java.util.Set<java.lang.String>
[ERROR]   reason: actual and formal argument lists differ in length
[ERROR] -> [Help 1]
[ERROR] 
[ERROR] To see the full stack trace of the errors, re-run Maven with the -e switch.
[ERROR] Re-run Maven using the -X switch to enable full debug logging.
[ERROR] 
[ERROR] For more information about the errors and possible solutions, please read the following articles:
[ERROR] [Help 1] http://cwiki.apache.org/confluence/display/MAVEN/MojoFailureException
[ERROR] 
[ERROR] After correcting the problems, you can resume the build with the command
[ERROR]   mvn <args> -rf :skillhub-app
