### RED run (exact brief command, plan-r2 7.3 #1)
### branch: 20260821-skillhub-735-subscription-authz-hardening-r3
### commit: 45b723ce7612ae69bb89fd51022443176e0e077e   tree: 57a240252dabc45b9f4dcc4cfa3500b5eca0e205
### java:   openjdk version "21.0.12.1" 2026-08-18 LTS
### started(UTC): 2026-08-23T13:27:53Z
### cmd: cd server && ./mvnw -pl skillhub-app -am -Dtest=<12 classes> -Dsurefire.failIfNoSpecifiedTests=false test

./mvnw: 150: exec: /home/agent/.m2/wrapper/dists/apache-maven-3.9.13/d5687be3/bin/mvn: Permission denied
EXIT=126
### NOTE: the first attempt above failed with exit 126 because $HOME is a noexec tmpfs
###       (findmnt /home/agent -> noexec) and mvnw execs $MAVEN_USER_HOME/wrapper/dists/.../bin/mvn.
###       Re-run below is the SAME command with MAVEN_USER_HOME repointed to the persistent
###       /workspaces copy of the wrapper dist + warm 125M repository. Command itself unchanged.
### restarted(UTC): 2026-08-23T13:28:38Z

Failed to load native library:jansi-2.4.2-1633ff0c0ec3b56f-libjansi.so. The native library file at /tmp/jansi-2.4.2-1633ff0c0ec3b56f-libjansi.so is not executable, make sure that the directory is mounted on a partition without the noexec flag, or set the jansi.tmpdir system property to point to a proper location.  osinfo: Linux/arm64
java.lang.UnsatisfiedLinkError: /tmp/jansi-2.4.2-1633ff0c0ec3b56f-libjansi.so: /tmp/jansi-2.4.2-1633ff0c0ec3b56f-libjansi.so: failed to map segment from shared object
[INFO] Scanning for projects...
[INFO] ------------------------------------------------------------------------
[INFO] Reactor Build Order:
[INFO] 
[INFO] skillhub-parent                                                    [pom]
[INFO] skillhub-storage                                                   [jar]
[INFO] skillhub-domain                                                    [jar]
[INFO] skillhub-auth                                                      [jar]
[INFO] skillhub-notification                                              [jar]
[INFO] skillhub-infra                                                     [jar]
[INFO] skillhub-search                                                    [jar]
[INFO] skillhub-app                                                       [jar]
[INFO] 
[INFO] ----------------< com.iflytek.skillhub:skillhub-parent >----------------
[INFO] Building skillhub-parent 0.1.0                                     [1/8]
[INFO]   from pom.xml
[INFO] --------------------------------[ pom ]---------------------------------
[INFO] 
[INFO] ---------------< com.iflytek.skillhub:skillhub-storage >----------------
[INFO] Building skillhub-storage 0.1.0                                    [2/8]
[INFO]   from skillhub-storage/pom.xml
[INFO] --------------------------------[ jar ]---------------------------------
[INFO] 
[INFO] --- resources:3.3.1:resources (default-resources) @ skillhub-storage ---
[INFO] skip non existing resourceDirectory /workspaces/140e8421-7099-4023-91fd-4c09406f46a2/6e3a1644/workdir/skillhub/server/skillhub-storage/src/main/resources
[INFO] skip non existing resourceDirectory /workspaces/140e8421-7099-4023-91fd-4c09406f46a2/6e3a1644/workdir/skillhub/server/skillhub-storage/src/main/resources
[INFO] 
[INFO] --- compiler:3.11.0:compile (default-compile) @ skillhub-storage ---
[INFO] Nothing to compile - all classes are up to date
[INFO] 
[INFO] --- resources:3.3.1:testResources (default-testResources) @ skillhub-storage ---
[INFO] skip non existing resourceDirectory /workspaces/140e8421-7099-4023-91fd-4c09406f46a2/6e3a1644/workdir/skillhub/server/skillhub-storage/src/test/resources
[INFO] 
[INFO] --- compiler:3.11.0:testCompile (default-testCompile) @ skillhub-storage ---
[INFO] Nothing to compile - all classes are up to date
[INFO] 
[INFO] --- surefire:3.1.2:test (default-test) @ skillhub-storage ---
[INFO] 
[INFO] ----------------< com.iflytek.skillhub:skillhub-domain >----------------
[INFO] Building skillhub-domain 0.1.0                                     [3/8]
[INFO]   from skillhub-domain/pom.xml
[INFO] --------------------------------[ jar ]---------------------------------
[INFO] 
[INFO] --- resources:3.3.1:resources (default-resources) @ skillhub-domain ---
[INFO] skip non existing resourceDirectory /workspaces/140e8421-7099-4023-91fd-4c09406f46a2/6e3a1644/workdir/skillhub/server/skillhub-domain/src/main/resources
[INFO] skip non existing resourceDirectory /workspaces/140e8421-7099-4023-91fd-4c09406f46a2/6e3a1644/workdir/skillhub/server/skillhub-domain/src/main/resources
[INFO] 
[INFO] --- compiler:3.11.0:compile (default-compile) @ skillhub-domain ---
[INFO] Nothing to compile - all classes are up to date
[INFO] 
[INFO] --- resources:3.3.1:testResources (default-testResources) @ skillhub-domain ---
[INFO] Copying 1 resource from src/test/resources to target/test-classes
[INFO] 
[INFO] --- compiler:3.11.0:testCompile (default-testCompile) @ skillhub-domain ---
[INFO] Nothing to compile - all classes are up to date
[INFO] 
[INFO] --- surefire:3.1.2:test (default-test) @ skillhub-domain ---
[INFO] Using auto detected provider org.apache.maven.surefire.junitplatform.JUnitPlatformProvider
[INFO] 
[INFO] -------------------------------------------------------
[INFO]  T E S T S
[INFO] -------------------------------------------------------
[INFO] Running com.iflytek.skillhub.domain.skill.VisibilityCheckerTest
[INFO] Tests run: 29, Failures: 0, Errors: 0, Skipped: 0, Time elapsed: 0.654 s -- in com.iflytek.skillhub.domain.skill.VisibilityCheckerTest
[INFO] Running com.iflytek.skillhub.domain.skill.VisibilityCheckerLegacyCompatibilityTest
HD30_LEGACY_MATRIX anonymous-public=true
HD30_LEGACY_MATRIX ordinary-public=true
HD30_LEGACY_MATRIX anonymous-namespace-only=false
HD30_LEGACY_MATRIX nonmember-namespace-only=false
HD30_LEGACY_MATRIX member-namespace-only=true
HD30_LEGACY_MATRIX owner-private=true
HD30_LEGACY_MATRIX member-private=false
HD30_LEGACY_MATRIX admin-private=true
HD30_LEGACY_MATRIX ordinary-hidden=false
HD30_LEGACY_MATRIX owner-hidden=true
HD30_LEGACY_MATRIX admin-hidden=true
HD30_LEGACY_MATRIX ordinary-latest-null=false
HD30_LEGACY_MATRIX owner-latest-null=true
HD30_LEGACY_MATRIX super-admin-private=true
HD30_LEGACY_MATRIX non-super-platform-role-private=false
[INFO] Tests run: 1, Failures: 0, Errors: 0, Skipped: 0, Time elapsed: 0.531 s -- in com.iflytek.skillhub.domain.skill.VisibilityCheckerLegacyCompatibilityTest
[INFO] 
[INFO] Results:
[INFO] 
[INFO] Tests run: 30, Failures: 0, Errors: 0, Skipped: 0
[INFO] 
[INFO] 
[INFO] -----------------< com.iflytek.skillhub:skillhub-auth >-----------------
[INFO] Building skillhub-auth 0.1.0                                       [4/8]
[INFO]   from skillhub-auth/pom.xml
[INFO] --------------------------------[ jar ]---------------------------------
[INFO] 
[INFO] --- resources:3.3.1:resources (default-resources) @ skillhub-auth ---
[INFO] skip non existing resourceDirectory /workspaces/140e8421-7099-4023-91fd-4c09406f46a2/6e3a1644/workdir/skillhub/server/skillhub-auth/src/main/resources
[INFO] skip non existing resourceDirectory /workspaces/140e8421-7099-4023-91fd-4c09406f46a2/6e3a1644/workdir/skillhub/server/skillhub-auth/src/main/resources
[INFO] 
[INFO] --- compiler:3.11.0:compile (default-compile) @ skillhub-auth ---
[INFO] Nothing to compile - all classes are up to date
[INFO] 
[INFO] --- resources:3.3.1:testResources (default-testResources) @ skillhub-auth ---
[INFO] Copying 1 resource from src/test/resources to target/test-classes
[INFO] 
[INFO] --- compiler:3.11.0:testCompile (default-testCompile) @ skillhub-auth ---
[INFO] Nothing to compile - all classes are up to date
[INFO] 
[INFO] --- surefire:3.1.2:test (default-test) @ skillhub-auth ---
[INFO] Using auto detected provider org.apache.maven.surefire.junitplatform.JUnitPlatformProvider
[INFO] 
[INFO] -------------------------------------------------------
[INFO]  T E S T S
[INFO] -------------------------------------------------------
[INFO] Running com.iflytek.skillhub.auth.rbac.RbacServiceTest
WARNING: A Java agent has been loaded dynamically (/home/agent/.m2/repository/net/bytebuddy/byte-buddy-agent/1.14.12/byte-buddy-agent-1.14.12.jar)
WARNING: If a serviceability tool is in use, please run with -XX:+EnableDynamicAgentLoading to hide this warning
WARNING: If a serviceability tool is not in use, please run with -Djdk.instrument.traceUsage for more information
WARNING: Dynamic loading of agents will be disallowed by default in a future release
Standard Commons Logging discovery in action with spring-jcl: please remove commons-logging.jar from classpath in order to avoid potential conflicts
[ERROR] Tests run: 1, Failures: 1, Errors: 0, Skipped: 0, Time elapsed: 6.764 s <<< FAILURE! -- in com.iflytek.skillhub.auth.rbac.RbacServiceTest
[ERROR] com.iflytek.skillhub.auth.rbac.RbacServiceTest.getUserRoleCodesByUserIds_returnsEveryUserNormalizedInInputOrderWithOneBatch -- Time elapsed: 6.278 s <<< FAILURE!
java.lang.AssertionError: 
[RbacService must expose the single-source batch role lookup] 
Expecting actual not to be null
	at com.iflytek.skillhub.auth.rbac.RbacServiceTest.getUserRoleCodesByUserIds_returnsEveryUserNormalizedInInputOrderWithOneBatch(RbacServiceTest.java:50)
	at java.base/java.lang.reflect.Method.invoke(Method.java:580)
	at java.base/java.util.ArrayList.forEach(ArrayList.java:1596)
	at java.base/java.util.ArrayList.forEach(ArrayList.java:1596)

[INFO] 
[INFO] Results:
[INFO] 
[ERROR] Failures: 
[ERROR]   RbacServiceTest.getUserRoleCodesByUserIds_returnsEveryUserNormalizedInInputOrderWithOneBatch:50 [RbacService must expose the single-source batch role lookup] 
Expecting actual not to be null
[INFO] 
[ERROR] Tests run: 1, Failures: 1, Errors: 0, Skipped: 0
[INFO] 
[INFO] ------------------------------------------------------------------------
[INFO] Reactor Summary for skillhub-parent 0.1.0:
[INFO] 
[INFO] skillhub-parent .................................... SUCCESS [  0.008 s]
[INFO] skillhub-storage ................................... SUCCESS [  6.432 s]
[INFO] skillhub-domain .................................... SUCCESS [  7.409 s]
[INFO] skillhub-auth ...................................... FAILURE [ 12.066 s]
[INFO] skillhub-notification .............................. SKIPPED
[INFO] skillhub-infra ..................................... SKIPPED
[INFO] skillhub-search .................................... SKIPPED
[INFO] skillhub-app ....................................... SKIPPED
[INFO] ------------------------------------------------------------------------
[INFO] BUILD FAILURE
[INFO] ------------------------------------------------------------------------
[INFO] Total time:  28.037 s
[INFO] Finished at: 2026-08-23T13:29:16Z
[INFO] ------------------------------------------------------------------------
[ERROR] Failed to execute goal org.apache.maven.plugins:maven-surefire-plugin:3.1.2:test (default-test) on project skillhub-auth: There are test failures.
[ERROR] 
[ERROR] Please refer to /workspaces/140e8421-7099-4023-91fd-4c09406f46a2/6e3a1644/workdir/skillhub/server/skillhub-auth/target/surefire-reports for the individual test results.
[ERROR] Please refer to dump files (if any exist) [date].dump, [date]-jvmRun[N].dump and [date].dumpstream.
[ERROR] -> [Help 1]
[ERROR] 
[ERROR] To see the full stack trace of the errors, re-run Maven with the -e switch.
[ERROR] Re-run Maven using the -X switch to enable full debug logging.
[ERROR] 
[ERROR] For more information about the errors and possible solutions, please read the following articles:
[ERROR] [Help 1] http://cwiki.apache.org/confluence/display/MAVEN/MojoFailureException
[ERROR] 
[ERROR] After correcting the problems, you can resume the build with the command
[ERROR]   mvn <args> -rf :skillhub-auth
EXIT=1
