[INFO] Scanning for projects...
[INFO] ------------------------------------------------------------------------
[INFO] Reactor Build Order:
[INFO] 
[INFO] skillhub-parent                                                    [pom]
[INFO] skillhub-storage                                                   [jar]
[INFO] skillhub-domain                                                    [jar]
[INFO] skillhub-auth                                                      [jar]
[INFO] skillhub-notification                                              [jar]
[INFO] skillhub-infra                                                     [jar]
[INFO] skillhub-search                                                    [jar]
[INFO] skillhub-app                                                       [jar]
[INFO] 
[INFO] ----------------< com.iflytek.skillhub:skillhub-parent >----------------
[INFO] Building skillhub-parent 0.1.0                                     [1/8]
[INFO]   from pom.xml
[INFO] --------------------------------[ pom ]---------------------------------
[INFO] 
[INFO] ---------------< com.iflytek.skillhub:skillhub-storage >----------------
[INFO] Building skillhub-storage 0.1.0                                    [2/8]
[INFO]   from skillhub-storage/pom.xml
[INFO] --------------------------------[ jar ]---------------------------------
[INFO] 
[INFO] --- resources:3.3.1:resources (default-resources) @ skillhub-storage ---
[INFO] skip non existing resourceDirectory /workspaces/140e8421-7099-4023-91fd-4c09406f46a2/6e3a1644/workdir/skillhub/server/skillhub-storage/src/main/resources
[INFO] skip non existing resourceDirectory /workspaces/140e8421-7099-4023-91fd-4c09406f46a2/6e3a1644/workdir/skillhub/server/skillhub-storage/src/main/resources
[INFO] 
[INFO] --- compiler:3.11.0:compile (default-compile) @ skillhub-storage ---
[INFO] Changes detected - recompiling the module! :source
[INFO] Compiling 8 source files with javac [debug release 21] to target/classes
[INFO] 
[INFO] --- resources:3.3.1:testResources (default-testResources) @ skillhub-storage ---
[INFO] skip non existing resourceDirectory /workspaces/140e8421-7099-4023-91fd-4c09406f46a2/6e3a1644/workdir/skillhub/server/skillhub-storage/src/test/resources
[INFO] 
[INFO] --- compiler:3.11.0:testCompile (default-testCompile) @ skillhub-storage ---
[INFO] Changes detected - recompiling the module! :dependency
[INFO] Compiling 2 source files with javac [debug release 21] to target/test-classes
[INFO] 
[INFO] --- surefire:3.1.2:test (default-test) @ skillhub-storage ---
[INFO] 
[INFO] ----------------< com.iflytek.skillhub:skillhub-domain >----------------
[INFO] Building skillhub-domain 0.1.0                                     [3/8]
[INFO]   from skillhub-domain/pom.xml
[INFO] --------------------------------[ jar ]---------------------------------
[INFO] 
[INFO] --- resources:3.3.1:resources (default-resources) @ skillhub-domain ---
[INFO] skip non existing resourceDirectory /workspaces/140e8421-7099-4023-91fd-4c09406f46a2/6e3a1644/workdir/skillhub/server/skillhub-domain/src/main/resources
[INFO] skip non existing resourceDirectory /workspaces/140e8421-7099-4023-91fd-4c09406f46a2/6e3a1644/workdir/skillhub/server/skillhub-domain/src/main/resources
[INFO] 
[INFO] --- compiler:3.11.0:compile (default-compile) @ skillhub-domain ---
[INFO] Changes detected - recompiling the module! :dependency
[INFO] Compiling 165 source files with javac [debug release 21] to target/classes
[INFO] 
[INFO] --- resources:3.3.1:testResources (default-testResources) @ skillhub-domain ---
[INFO] Copying 1 resource from src/test/resources to target/test-classes
[INFO] 
[INFO] --- compiler:3.11.0:testCompile (default-testCompile) @ skillhub-domain ---
[INFO] Changes detected - recompiling the module! :dependency
[INFO] Compiling 35 source files with javac [debug release 21] to target/test-classes
[INFO] /workspaces/140e8421-7099-4023-91fd-4c09406f46a2/6e3a1644/workdir/skillhub/server/skillhub-domain/src/test/java/com/iflytek/skillhub/domain/review/PromotionServiceTest.java: /workspaces/140e8421-7099-4023-91fd-4c09406f46a2/6e3a1644/workdir/skillhub/server/skillhub-domain/src/test/java/com/iflytek/skillhub/domain/review/PromotionServiceTest.java uses unchecked or unsafe operations.
[INFO] /workspaces/140e8421-7099-4023-91fd-4c09406f46a2/6e3a1644/workdir/skillhub/server/skillhub-domain/src/test/java/com/iflytek/skillhub/domain/review/PromotionServiceTest.java: Recompile with -Xlint:unchecked for details.
[INFO] 
[INFO] --- surefire:3.1.2:test (default-test) @ skillhub-domain ---
[INFO] Using auto detected provider org.apache.maven.surefire.junitplatform.JUnitPlatformProvider
[INFO] 
[INFO] -------------------------------------------------------
[INFO]  T E S T S
[INFO] -------------------------------------------------------
[INFO] Running com.iflytek.skillhub.domain.skill.VisibilityCheckerTest
[INFO] Tests run: 29, Failures: 0, Errors: 0, Skipped: 0, Time elapsed: 0.454 s -- in com.iflytek.skillhub.domain.skill.VisibilityCheckerTest
[INFO] Running com.iflytek.skillhub.domain.skill.VisibilityCheckerLegacyCompatibilityTest
HD30_LEGACY_MATRIX anonymous-public=true
HD30_LEGACY_MATRIX ordinary-public=true
HD30_LEGACY_MATRIX anonymous-namespace-only=false
HD30_LEGACY_MATRIX nonmember-namespace-only=false
HD30_LEGACY_MATRIX member-namespace-only=true
HD30_LEGACY_MATRIX owner-private=true
HD30_LEGACY_MATRIX member-private=false
HD30_LEGACY_MATRIX admin-private=true
HD30_LEGACY_MATRIX ordinary-hidden=false
HD30_LEGACY_MATRIX owner-hidden=true
HD30_LEGACY_MATRIX admin-hidden=true
HD30_LEGACY_MATRIX ordinary-latest-null=false
HD30_LEGACY_MATRIX owner-latest-null=true
HD30_LEGACY_MATRIX super-admin-private=true
HD30_LEGACY_MATRIX non-super-platform-role-private=false
[INFO] Tests run: 1, Failures: 0, Errors: 0, Skipped: 0, Time elapsed: 0.417 s -- in com.iflytek.skillhub.domain.skill.VisibilityCheckerLegacyCompatibilityTest
[INFO] 
[INFO] Results:
[INFO] 
[INFO] Tests run: 30, Failures: 0, Errors: 0, Skipped: 0
[INFO] 
[INFO] 
[INFO] -----------------< com.iflytek.skillhub:skillhub-auth >-----------------
[INFO] Building skillhub-auth 0.1.0                                       [4/8]
[INFO]   from skillhub-auth/pom.xml
[INFO] --------------------------------[ jar ]---------------------------------
[INFO] 
[INFO] --- resources:3.3.1:resources (default-resources) @ skillhub-auth ---
[INFO] skip non existing resourceDirectory /workspaces/140e8421-7099-4023-91fd-4c09406f46a2/6e3a1644/workdir/skillhub/server/skillhub-auth/src/main/resources
[INFO] skip non existing resourceDirectory /workspaces/140e8421-7099-4023-91fd-4c09406f46a2/6e3a1644/workdir/skillhub/server/skillhub-auth/src/main/resources
[INFO] 
[INFO] --- compiler:3.11.0:compile (default-compile) @ skillhub-auth ---
[INFO] Changes detected - recompiling the module! :dependency
[INFO] Compiling 79 source files with javac [debug release 21] to target/classes
[INFO] Annotation processing is enabled because one or more processors were found
  on the class path. A future release of javac may disable annotation processing
  unless at least one processor is specified by name (-processor), or a search
  path is specified (--processor-path, --processor-module-path), or annotation
  processing is enabled explicitly (-proc:only, -proc:full).
  Use -Xlint:-options to suppress this message.
  Use -proc:none to disable annotation processing.
[INFO] 
[INFO] --- resources:3.3.1:testResources (default-testResources) @ skillhub-auth ---
[INFO] Copying 1 resource from src/test/resources to target/test-classes
[INFO] 
[INFO] --- compiler:3.11.0:testCompile (default-testCompile) @ skillhub-auth ---
[INFO] Changes detected - recompiling the module! :dependency
[INFO] Compiling 20 source files with javac [debug release 21] to target/test-classes
[INFO] Annotation processing is enabled because one or more processors were found
  on the class path. A future release of javac may disable annotation processing
  unless at least one processor is specified by name (-processor), or a search
  path is specified (--processor-path, --processor-module-path), or annotation
  processing is enabled explicitly (-proc:only, -proc:full).
  Use -Xlint:-options to suppress this message.
  Use -proc:none to disable annotation processing.
[INFO] 
[INFO] --- surefire:3.1.2:test (default-test) @ skillhub-auth ---
[INFO] Using auto detected provider org.apache.maven.surefire.junitplatform.JUnitPlatformProvider
[INFO] 
[INFO] -------------------------------------------------------
[INFO]  T E S T S
[INFO] -------------------------------------------------------
[INFO] Running com.iflytek.skillhub.auth.rbac.RbacServiceTest
WARNING: A Java agent has been loaded dynamically (/home/agent/.m2/repository/net/bytebuddy/byte-buddy-agent/1.14.12/byte-buddy-agent-1.14.12.jar)
WARNING: If a serviceability tool is in use, please run with -XX:+EnableDynamicAgentLoading to hide this warning
WARNING: If a serviceability tool is not in use, please run with -Djdk.instrument.traceUsage for more information
WARNING: Dynamic loading of agents will be disallowed by default in a future release
Standard Commons Logging discovery in action with spring-jcl: please remove commons-logging.jar from classpath in order to avoid potential conflicts
[ERROR] Tests run: 1, Failures: 1, Errors: 0, Skipped: 0, Time elapsed: 4.472 s <<< FAILURE! -- in com.iflytek.skillhub.auth.rbac.RbacServiceTest
[ERROR] com.iflytek.skillhub.auth.rbac.RbacServiceTest.getUserRoleCodesByUserIds_returnsEveryUserNormalizedInInputOrderWithOneBatch -- Time elapsed: 4.325 s <<< FAILURE!
java.lang.AssertionError: 
[RbacService must expose the single-source batch role lookup] 
Expecting actual not to be null
	at com.iflytek.skillhub.auth.rbac.RbacServiceTest.getUserRoleCodesByUserIds_returnsEveryUserNormalizedInInputOrderWithOneBatch(RbacServiceTest.java:50)
	at java.base/java.lang.reflect.Method.invoke(Method.java:580)
	at java.base/java.util.ArrayList.forEach(ArrayList.java:1596)
	at java.base/java.util.ArrayList.forEach(ArrayList.java:1596)

[INFO] 
[INFO] Results:
[INFO] 
[ERROR] Failures: 
[ERROR]   RbacServiceTest.getUserRoleCodesByUserIds_returnsEveryUserNormalizedInInputOrderWithOneBatch:50 [RbacService must expose the single-source batch role lookup] 
Expecting actual not to be null
[INFO] 
[ERROR] Tests run: 1, Failures: 1, Errors: 0, Skipped: 0
[INFO] 
[INFO] ------------------------------------------------------------------------
[INFO] Reactor Summary for skillhub-parent 0.1.0:
[INFO] 
[INFO] skillhub-parent .................................... SUCCESS [  0.021 s]
[INFO] skillhub-storage ................................... SUCCESS [ 11.292 s]
[INFO] skillhub-domain .................................... SUCCESS [ 23.336 s]
[INFO] skillhub-auth ...................................... FAILURE [ 18.774 s]
[INFO] skillhub-notification .............................. SKIPPED
[INFO] skillhub-infra ..................................... SKIPPED
[INFO] skillhub-search .................................... SKIPPED
[INFO] skillhub-app ....................................... SKIPPED
[INFO] ------------------------------------------------------------------------
[INFO] BUILD FAILURE
[INFO] ------------------------------------------------------------------------
[INFO] Total time:  55.066 s
[INFO] Finished at: 2026-08-23T13:02:46Z
[INFO] ------------------------------------------------------------------------
[ERROR] Failed to execute goal org.apache.maven.plugins:maven-surefire-plugin:3.1.2:test (default-test) on project skillhub-auth: There are test failures.
[ERROR] 
[ERROR] Please refer to /workspaces/140e8421-7099-4023-91fd-4c09406f46a2/6e3a1644/workdir/skillhub/server/skillhub-auth/target/surefire-reports for the individual test results.
[ERROR] Please refer to dump files (if any exist) [date].dump, [date]-jvmRun[N].dump and [date].dumpstream.
[ERROR] -> [Help 1]
[ERROR] 
[ERROR] To see the full stack trace of the errors, re-run Maven with the -e switch.
[ERROR] Re-run Maven using the -X switch to enable full debug logging.
[ERROR] 
[ERROR] For more information about the errors and possible solutions, please read the following articles:
[ERROR] [Help 1] http://cwiki.apache.org/confluence/display/MAVEN/MojoFailureException
[ERROR] 
[ERROR] After correcting the problems, you can resume the build with the command
[ERROR]   mvn <args> -rf :skillhub-auth
