[INFO] Scanning for projects...
[INFO] ------------------------------------------------------------------------
[INFO] Reactor Build Order:
[INFO] 
[INFO] skillhub-parent                                                    [pom]
[INFO] skillhub-storage                                                   [jar]
[INFO] skillhub-domain                                                    [jar]
[INFO] skillhub-auth                                                      [jar]
[INFO] skillhub-notification                                              [jar]
[INFO] skillhub-infra                                                     [jar]
[INFO] skillhub-search                                                    [jar]
[INFO] skillhub-app                                                       [jar]
[INFO] 
[INFO] ----------------< com.iflytek.skillhub:skillhub-parent >----------------
[INFO] Building skillhub-parent 0.1.0                                     [1/8]
[INFO]   from pom.xml
[INFO] --------------------------------[ pom ]---------------------------------
[INFO] 
[INFO] ---------------< com.iflytek.skillhub:skillhub-storage >----------------
[INFO] Building skillhub-storage 0.1.0                                    [2/8]
[INFO]   from skillhub-storage/pom.xml
[INFO] --------------------------------[ jar ]---------------------------------
[INFO] 
[INFO] --- resources:3.3.1:resources (default-resources) @ skillhub-storage ---
[INFO] skip non existing resourceDirectory /workspaces/140e8421-7099-4023-91fd-4c09406f46a2/cd0f9fa3/workdir/skillhub/server/skillhub-storage/src/main/resources
[INFO] skip non existing resourceDirectory /workspaces/140e8421-7099-4023-91fd-4c09406f46a2/cd0f9fa3/workdir/skillhub/server/skillhub-storage/src/main/resources
[INFO] 
[INFO] --- compiler:3.11.0:compile (default-compile) @ skillhub-storage ---
[INFO] Nothing to compile - all classes are up to date
[INFO] 
[INFO] --- resources:3.3.1:testResources (default-testResources) @ skillhub-storage ---
[INFO] skip non existing resourceDirectory /workspaces/140e8421-7099-4023-91fd-4c09406f46a2/cd0f9fa3/workdir/skillhub/server/skillhub-storage/src/test/resources
[INFO] 
[INFO] --- compiler:3.11.0:testCompile (default-testCompile) @ skillhub-storage ---
[INFO] Nothing to compile - all classes are up to date
[INFO] 
[INFO] --- surefire:3.1.2:test (default-test) @ skillhub-storage ---
[INFO] 
[INFO] ----------------< com.iflytek.skillhub:skillhub-domain >----------------
[INFO] Building skillhub-domain 0.1.0                                     [3/8]
[INFO]   from skillhub-domain/pom.xml
[INFO] --------------------------------[ jar ]---------------------------------
[INFO] 
[INFO] --- resources:3.3.1:resources (default-resources) @ skillhub-domain ---
[INFO] skip non existing resourceDirectory /workspaces/140e8421-7099-4023-91fd-4c09406f46a2/cd0f9fa3/workdir/skillhub/server/skillhub-domain/src/main/resources
[INFO] skip non existing resourceDirectory /workspaces/140e8421-7099-4023-91fd-4c09406f46a2/cd0f9fa3/workdir/skillhub/server/skillhub-domain/src/main/resources
[INFO] 
[INFO] --- compiler:3.11.0:compile (default-compile) @ skillhub-domain ---
[INFO] Nothing to compile - all classes are up to date
[INFO] 
[INFO] --- resources:3.3.1:testResources (default-testResources) @ skillhub-domain ---
[INFO] Copying 1 resource from src/test/resources to target/test-classes
[INFO] 
[INFO] --- compiler:3.11.0:testCompile (default-testCompile) @ skillhub-domain ---
[INFO] Nothing to compile - all classes are up to date
[INFO] 
[INFO] --- surefire:3.1.2:test (default-test) @ skillhub-domain ---
[INFO] 
[INFO] -----------------< com.iflytek.skillhub:skillhub-auth >-----------------
[INFO] Building skillhub-auth 0.1.0                                       [4/8]
[INFO]   from skillhub-auth/pom.xml
[INFO] --------------------------------[ jar ]---------------------------------
[INFO] 
[INFO] --- resources:3.3.1:resources (default-resources) @ skillhub-auth ---
[INFO] skip non existing resourceDirectory /workspaces/140e8421-7099-4023-91fd-4c09406f46a2/cd0f9fa3/workdir/skillhub/server/skillhub-auth/src/main/resources
[INFO] skip non existing resourceDirectory /workspaces/140e8421-7099-4023-91fd-4c09406f46a2/cd0f9fa3/workdir/skillhub/server/skillhub-auth/src/main/resources
[INFO] 
[INFO] --- compiler:3.11.0:compile (default-compile) @ skillhub-auth ---
[INFO] Nothing to compile - all classes are up to date
[INFO] 
[INFO] --- resources:3.3.1:testResources (default-testResources) @ skillhub-auth ---
[INFO] Copying 1 resource from src/test/resources to target/test-classes
[INFO] 
[INFO] --- compiler:3.11.0:testCompile (default-testCompile) @ skillhub-auth ---
[INFO] Nothing to compile - all classes are up to date
[INFO] 
[INFO] --- surefire:3.1.2:test (default-test) @ skillhub-auth ---
[INFO] 
[INFO] -------------< com.iflytek.skillhub:skillhub-notification >-------------
[INFO] Building skillhub-notification 0.1.0                               [5/8]
[INFO]   from skillhub-notification/pom.xml
[INFO] --------------------------------[ jar ]---------------------------------
[INFO] 
[INFO] --- resources:3.3.1:resources (default-resources) @ skillhub-notification ---
[INFO] skip non existing resourceDirectory /workspaces/140e8421-7099-4023-91fd-4c09406f46a2/cd0f9fa3/workdir/skillhub/server/skillhub-notification/src/main/resources
[INFO] skip non existing resourceDirectory /workspaces/140e8421-7099-4023-91fd-4c09406f46a2/cd0f9fa3/workdir/skillhub/server/skillhub-notification/src/main/resources
[INFO] 
[INFO] --- compiler:3.11.0:compile (default-compile) @ skillhub-notification ---
[INFO] Nothing to compile - all classes are up to date
[INFO] 
[INFO] --- resources:3.3.1:testResources (default-testResources) @ skillhub-notification ---
[INFO] skip non existing resourceDirectory /workspaces/140e8421-7099-4023-91fd-4c09406f46a2/cd0f9fa3/workdir/skillhub/server/skillhub-notification/src/test/resources
[INFO] 
[INFO] --- compiler:3.11.0:testCompile (default-testCompile) @ skillhub-notification ---
[INFO] Nothing to compile - all classes are up to date
[INFO] 
[INFO] --- surefire:3.1.2:test (default-test) @ skillhub-notification ---
[INFO] 
[INFO] ----------------< com.iflytek.skillhub:skillhub-infra >-----------------
[INFO] Building skillhub-infra 0.1.0                                      [6/8]
[INFO]   from skillhub-infra/pom.xml
[INFO] --------------------------------[ jar ]---------------------------------
[INFO] 
[INFO] --- resources:3.3.1:resources (default-resources) @ skillhub-infra ---
[INFO] skip non existing resourceDirectory /workspaces/140e8421-7099-4023-91fd-4c09406f46a2/cd0f9fa3/workdir/skillhub/server/skillhub-infra/src/main/resources
[INFO] skip non existing resourceDirectory /workspaces/140e8421-7099-4023-91fd-4c09406f46a2/cd0f9fa3/workdir/skillhub/server/skillhub-infra/src/main/resources
[INFO] 
[INFO] --- compiler:3.11.0:compile (default-compile) @ skillhub-infra ---
[INFO] Nothing to compile - all classes are up to date
[INFO] 
[INFO] --- resources:3.3.1:testResources (default-testResources) @ skillhub-infra ---
[INFO] skip non existing resourceDirectory /workspaces/140e8421-7099-4023-91fd-4c09406f46a2/cd0f9fa3/workdir/skillhub/server/skillhub-infra/src/test/resources
[INFO] 
[INFO] --- compiler:3.11.0:testCompile (default-testCompile) @ skillhub-infra ---
[INFO] Nothing to compile - all classes are up to date
[INFO] 
[INFO] --- surefire:3.1.2:test (default-test) @ skillhub-infra ---
[INFO] 
[INFO] ----------------< com.iflytek.skillhub:skillhub-search >----------------
[INFO] Building skillhub-search 0.1.0                                     [7/8]
[INFO]   from skillhub-search/pom.xml
[INFO] --------------------------------[ jar ]---------------------------------
[INFO] 
[INFO] --- resources:3.3.1:resources (default-resources) @ skillhub-search ---
[INFO] skip non existing resourceDirectory /workspaces/140e8421-7099-4023-91fd-4c09406f46a2/cd0f9fa3/workdir/skillhub/server/skillhub-search/src/main/resources
[INFO] skip non existing resourceDirectory /workspaces/140e8421-7099-4023-91fd-4c09406f46a2/cd0f9fa3/workdir/skillhub/server/skillhub-search/src/main/resources
[INFO] 
[INFO] --- compiler:3.11.0:compile (default-compile) @ skillhub-search ---
[INFO] Nothing to compile - all classes are up to date
[INFO] 
[INFO] --- resources:3.3.1:testResources (default-testResources) @ skillhub-search ---
[INFO] Copying 1 resource from src/test/resources to target/test-classes
[INFO] 
[INFO] --- compiler:3.11.0:testCompile (default-testCompile) @ skillhub-search ---
[INFO] Nothing to compile - all classes are up to date
[INFO] 
[INFO] --- surefire:3.1.2:test (default-test) @ skillhub-search ---
[INFO] 
[INFO] -----------------< com.iflytek.skillhub:skillhub-app >------------------
[INFO] Building skillhub-app 0.1.0                                        [8/8]
[INFO]   from skillhub-app/pom.xml
[INFO] --------------------------------[ jar ]---------------------------------
[INFO] 
[INFO] --- resources:3.3.1:resources (default-resources) @ skillhub-app ---
[INFO] Copying 3 resources from src/main/resources to target/classes
[INFO] Copying 49 resources from src/main/resources to target/classes
[INFO] 
[INFO] --- compiler:3.11.0:compile (default-compile) @ skillhub-app ---
[INFO] Nothing to compile - all classes are up to date
[INFO] 
[INFO] --- resources:3.3.1:testResources (default-testResources) @ skillhub-app ---
[INFO] Copying 3 resources from src/test/resources to target/test-classes
[INFO] 
[INFO] --- compiler:3.11.0:testCompile (default-testCompile) @ skillhub-app ---
[INFO] Changes detected - recompiling the module! :source
[INFO] Compiling 151 source files with javac [debug release 21] to target/test-classes
[INFO] /workspaces/140e8421-7099-4023-91fd-4c09406f46a2/cd0f9fa3/workdir/skillhub/server/skillhub-app/src/test/java/com/iflytek/skillhub/notification/sse/RecordingSseEmitterTestConfiguration.java: Some input files use or override a deprecated API.
[INFO] /workspaces/140e8421-7099-4023-91fd-4c09406f46a2/cd0f9fa3/workdir/skillhub/server/skillhub-app/src/test/java/com/iflytek/skillhub/notification/sse/RecordingSseEmitterTestConfiguration.java: Recompile with -Xlint:deprecation for details.
[INFO] /workspaces/140e8421-7099-4023-91fd-4c09406f46a2/cd0f9fa3/workdir/skillhub/server/skillhub-app/src/test/java/com/iflytek/skillhub/service/AdminAuditLogAppServiceTest.java: Some input files use unchecked or unsafe operations.
[INFO] /workspaces/140e8421-7099-4023-91fd-4c09406f46a2/cd0f9fa3/workdir/skillhub/server/skillhub-app/src/test/java/com/iflytek/skillhub/service/AdminAuditLogAppServiceTest.java: Recompile with -Xlint:unchecked for details.
[INFO] 
[INFO] --- surefire:3.1.2:test (default-test) @ skillhub-app ---
[INFO] Using auto detected provider org.apache.maven.surefire.junitplatform.JUnitPlatformProvider
[INFO] 
[INFO] -------------------------------------------------------
[INFO]  T E S T S
[INFO] -------------------------------------------------------
[INFO] Running com.iflytek.skillhub.listener.SubscriberNotificationRuntimeIntegrationTest
Standard Commons Logging discovery in action with spring-jcl: please remove commons-logging.jar from classpath in order to avoid potential conflicts
WARNING: A Java agent has been loaded dynamically (/workspaces/140e8421-7099-4023-91fd-4c09406f46a2/cd0f9fa3/workdir/.toolchains/m2/repository/net/bytebuddy/byte-buddy-agent/1.14.12/byte-buddy-agent-1.14.12.jar)
WARNING: If a serviceability tool is in use, please run with -XX:+EnableDynamicAgentLoading to hide this warning
WARNING: If a serviceability tool is not in use, please run with -Djdk.instrument.traceUsage for more information
WARNING: Dynamic loading of agents will be disallowed by default in a future release
main dict load finished, time elapsed 8194 ms
model load finished, time elapsed 1195 ms.
Unexpected exception occurred invoking async method: public void com.iflytek.skillhub.listener.NotificationEventListener.onSkillVersionYankedForSubscribers(com.iflytek.skillhub.domain.event.SkillVersionYankedEvent)
java.lang.IllegalStateException: namespace failed
	at com.iflytek.skillhub.listener.NotificationEventListener.lambda$onSkillVersionYankedForSubscribers$2(NotificationEventListener.java:109)
	at java.base/java.util.Optional.ifPresent(Optional.java:178)
	at com.iflytek.skillhub.listener.NotificationEventListener.onSkillVersionYankedForSubscribers(NotificationEventListener.java:104)
	at java.base/jdk.internal.reflect.DirectMethodHandleAccessor.invoke(DirectMethodHandleAccessor.java:103)
	at java.base/java.lang.reflect.Method.invoke(Method.java:580)
	at org.springframework.aop.support.AopUtils.invokeJoinpointUsingReflection(AopUtils.java:351)
	at org.springframework.aop.framework.ReflectiveMethodInvocation.invokeJoinpoint(ReflectiveMethodInvocation.java:196)
	at org.springframework.aop.framework.ReflectiveMethodInvocation.proceed(ReflectiveMethodInvocation.java:163)
	at org.springframework.aop.framework.CglibAopProxy$CglibMethodInvocation.proceed(CglibAopProxy.java:765)
	at org.springframework.aop.interceptor.AsyncExecutionInterceptor.lambda$invoke$0(AsyncExecutionInterceptor.java:113)
	at java.base/java.util.concurrent.FutureTask.run(FutureTask.java:317)
	at io.micrometer.context.ContextSnapshot.lambda$wrap$0(ContextSnapshot.java:91)
	at java.base/java.util.concurrent.ThreadPoolExecutor.runWorker(ThreadPoolExecutor.java:1144)
	at java.base/java.util.concurrent.ThreadPoolExecutor$Worker.run(ThreadPoolExecutor.java:642)
	at java.base/java.lang.Thread.run(Thread.java:1583)
Unexpected exception occurred invoking async method: public void com.iflytek.skillhub.search.event.SearchIndexEventListener.onSkillPublished(com.iflytek.skillhub.domain.event.SkillPublishedEvent)
java.lang.IllegalStateException: namespace failed
	at com.iflytek.skillhub.search.postgres.PostgresSearchRebuildService.toDocument(PostgresSearchRebuildService.java:300)
	at com.iflytek.skillhub.search.postgres.PostgresSearchRebuildService.rebuildBySkill(PostgresSearchRebuildService.java:120)
	at com.iflytek.skillhub.search.event.SearchIndexEventListener.onSkillPublished(SearchIndexEventListener.java:32)
	at java.base/jdk.internal.reflect.DirectMethodHandleAccessor.invoke(DirectMethodHandleAccessor.java:103)
	at java.base/java.lang.reflect.Method.invoke(Method.java:580)
	at org.springframework.aop.support.AopUtils.invokeJoinpointUsingReflection(AopUtils.java:351)
	at org.springframework.aop.framework.ReflectiveMethodInvocation.invokeJoinpoint(ReflectiveMethodInvocation.java:196)
	at org.springframework.aop.framework.ReflectiveMethodInvocation.proceed(ReflectiveMethodInvocation.java:163)
	at org.springframework.aop.framework.CglibAopProxy$CglibMethodInvocation.proceed(CglibAopProxy.java:765)
	at org.springframework.aop.interceptor.AsyncExecutionInterceptor.lambda$invoke$0(AsyncExecutionInterceptor.java:113)
	at java.base/java.util.concurrent.FutureTask.run(FutureTask.java:317)
	at io.micrometer.context.ContextSnapshot.lambda$wrap$0(ContextSnapshot.java:91)
	at java.base/java.util.concurrent.ThreadPoolExecutor.runWorker(ThreadPoolExecutor.java:1144)
	at java.base/java.util.concurrent.ThreadPoolExecutor$Worker.run(ThreadPoolExecutor.java:642)
	at java.base/java.lang.Thread.run(Thread.java:1583)
Unexpected exception occurred invoking async method: public void com.iflytek.skillhub.listener.NotificationEventListener.onSkillPublishedForSubscribers(com.iflytek.skillhub.domain.event.SkillPublishedEvent)
java.lang.IllegalStateException: namespace failed
	at com.iflytek.skillhub.listener.NotificationEventListener.lambda$onSkillPublishedForSubscribers$1(NotificationEventListener.java:81)
	at java.base/java.util.Optional.ifPresent(Optional.java:178)
	at com.iflytek.skillhub.listener.NotificationEventListener.onSkillPublishedForSubscribers(NotificationEventListener.java:76)
	at java.base/jdk.internal.reflect.DirectMethodHandleAccessor.invoke(DirectMethodHandleAccessor.java:103)
	at java.base/java.lang.reflect.Method.invoke(Method.java:580)
	at org.springframework.aop.support.AopUtils.invokeJoinpointUsingReflection(AopUtils.java:351)
	at org.springframework.aop.framework.ReflectiveMethodInvocation.invokeJoinpoint(ReflectiveMethodInvocation.java:196)
	at org.springframework.aop.framework.ReflectiveMethodInvocation.proceed(ReflectiveMethodInvocation.java:163)
	at org.springframework.aop.framework.CglibAopProxy$CglibMethodInvocation.proceed(CglibAopProxy.java:765)
	at org.springframework.aop.interceptor.AsyncExecutionInterceptor.lambda$invoke$0(AsyncExecutionInterceptor.java:113)
	at java.base/java.util.concurrent.FutureTask.run(FutureTask.java:317)
	at io.micrometer.context.ContextSnapshot.lambda$wrap$0(ContextSnapshot.java:91)
	at java.base/java.util.concurrent.ThreadPoolExecutor.runWorker(ThreadPoolExecutor.java:1144)
	at java.base/java.util.concurrent.ThreadPoolExecutor$Worker.run(ThreadPoolExecutor.java:642)
	at java.base/java.lang.Thread.run(Thread.java:1583)
Unexpected exception occurred invoking async method: public void com.iflytek.skillhub.listener.NotificationEventListener.onSkillPublishedForSubscribers(com.iflytek.skillhub.domain.event.SkillPublishedEvent)
java.lang.IllegalStateException: membership failed
	at com.iflytek.skillhub.listener.SubscriberAccessResolver.resolveReadableSubscribers(SubscriberAccessResolver.java:56)
	at com.iflytek.skillhub.listener.NotificationEventListener.lambda$onSkillPublishedForSubscribers$1(NotificationEventListener.java:85)
	at java.base/java.util.Optional.ifPresent(Optional.java:178)
	at com.iflytek.skillhub.listener.NotificationEventListener.onSkillPublishedForSubscribers(NotificationEventListener.java:76)
	at java.base/jdk.internal.reflect.DirectMethodHandleAccessor.invoke(DirectMethodHandleAccessor.java:103)
	at java.base/java.lang.reflect.Method.invoke(Method.java:580)
	at org.springframework.aop.support.AopUtils.invokeJoinpointUsingReflection(AopUtils.java:351)
	at org.springframework.aop.framework.ReflectiveMethodInvocation.invokeJoinpoint(ReflectiveMethodInvocation.java:196)
	at org.springframework.aop.framework.ReflectiveMethodInvocation.proceed(ReflectiveMethodInvocation.java:163)
	at org.springframework.aop.framework.CglibAopProxy$CglibMethodInvocation.proceed(CglibAopProxy.java:765)
	at org.springframework.aop.interceptor.AsyncExecutionInterceptor.lambda$invoke$0(AsyncExecutionInterceptor.java:113)
	at java.base/java.util.concurrent.FutureTask.run(FutureTask.java:317)
	at io.micrometer.context.ContextSnapshot.lambda$wrap$0(ContextSnapshot.java:91)
	at java.base/java.util.concurrent.ThreadPoolExecutor.runWorker(ThreadPoolExecutor.java:1144)
	at java.base/java.util.concurrent.ThreadPoolExecutor$Worker.run(ThreadPoolExecutor.java:642)
	at java.base/java.lang.Thread.run(Thread.java:1583)
Unexpected exception occurred invoking async method: public void com.iflytek.skillhub.listener.NotificationEventListener.onSkillVersionYankedForSubscribers(com.iflytek.skillhub.domain.event.SkillVersionYankedEvent)
java.lang.IllegalStateException: account failed
	at com.iflytek.skillhub.listener.SubscriberAccessResolver.resolveReadableSubscribers(SubscriberAccessResolver.java:51)
	at com.iflytek.skillhub.listener.NotificationEventListener.lambda$onSkillVersionYankedForSubscribers$2(NotificationEventListener.java:115)
	at java.base/java.util.Optional.ifPresent(Optional.java:178)
	at com.iflytek.skillhub.listener.NotificationEventListener.onSkillVersionYankedForSubscribers(NotificationEventListener.java:104)
	at java.base/jdk.internal.reflect.DirectMethodHandleAccessor.invoke(DirectMethodHandleAccessor.java:103)
	at java.base/java.lang.reflect.Method.invoke(Method.java:580)
	at org.springframework.aop.support.AopUtils.invokeJoinpointUsingReflection(AopUtils.java:351)
	at org.springframework.aop.framework.ReflectiveMethodInvocation.invokeJoinpoint(ReflectiveMethodInvocation.java:196)
	at org.springframework.aop.framework.ReflectiveMethodInvocation.proceed(ReflectiveMethodInvocation.java:163)
	at org.springframework.aop.framework.CglibAopProxy$CglibMethodInvocation.proceed(CglibAopProxy.java:765)
	at org.springframework.aop.interceptor.AsyncExecutionInterceptor.lambda$invoke$0(AsyncExecutionInterceptor.java:113)
	at java.base/java.util.concurrent.FutureTask.run(FutureTask.java:317)
	at io.micrometer.context.ContextSnapshot.lambda$wrap$0(ContextSnapshot.java:91)
	at java.base/java.util.concurrent.ThreadPoolExecutor.runWorker(ThreadPoolExecutor.java:1144)
	at java.base/java.util.concurrent.ThreadPoolExecutor$Worker.run(ThreadPoolExecutor.java:642)
	at java.base/java.lang.Thread.run(Thread.java:1583)
Unexpected exception occurred invoking async method: public void com.iflytek.skillhub.listener.NotificationEventListener.onSkillPublishedForSubscribers(com.iflytek.skillhub.domain.event.SkillPublishedEvent)
java.lang.IllegalStateException: account failed
	at com.iflytek.skillhub.listener.SubscriberAccessResolver.resolveReadableSubscribers(SubscriberAccessResolver.java:51)
	at com.iflytek.skillhub.listener.NotificationEventListener.lambda$onSkillPublishedForSubscribers$1(NotificationEventListener.java:85)
	at java.base/java.util.Optional.ifPresent(Optional.java:178)
	at com.iflytek.skillhub.listener.NotificationEventListener.onSkillPublishedForSubscribers(NotificationEventListener.java:76)
	at java.base/jdk.internal.reflect.DirectMethodHandleAccessor.invoke(DirectMethodHandleAccessor.java:103)
	at java.base/java.lang.reflect.Method.invoke(Method.java:580)
	at org.springframework.aop.support.AopUtils.invokeJoinpointUsingReflection(AopUtils.java:351)
	at org.springframework.aop.framework.ReflectiveMethodInvocation.invokeJoinpoint(ReflectiveMethodInvocation.java:196)
	at org.springframework.aop.framework.ReflectiveMethodInvocation.proceed(ReflectiveMethodInvocation.java:163)
	at org.springframework.aop.framework.CglibAopProxy$CglibMethodInvocation.proceed(CglibAopProxy.java:765)
	at org.springframework.aop.interceptor.AsyncExecutionInterceptor.lambda$invoke$0(AsyncExecutionInterceptor.java:113)
	at java.base/java.util.concurrent.FutureTask.run(FutureTask.java:317)
	at io.micrometer.context.ContextSnapshot.lambda$wrap$0(ContextSnapshot.java:91)
	at java.base/java.util.concurrent.ThreadPoolExecutor.runWorker(ThreadPoolExecutor.java:1144)
	at java.base/java.util.concurrent.ThreadPoolExecutor$Worker.run(ThreadPoolExecutor.java:642)
	at java.base/java.lang.Thread.run(Thread.java:1583)
Unexpected exception occurred invoking async method: public void com.iflytek.skillhub.listener.NotificationEventListener.onSkillPublishedForSubscribers(com.iflytek.skillhub.domain.event.SkillPublishedEvent)
java.lang.IllegalStateException: platform_role failed
	at com.iflytek.skillhub.listener.SubscriberAccessResolver.resolveReadableSubscribers(SubscriberAccessResolver.java:58)
	at com.iflytek.skillhub.listener.NotificationEventListener.lambda$onSkillPublishedForSubscribers$1(NotificationEventListener.java:85)
	at java.base/java.util.Optional.ifPresent(Optional.java:178)
	at com.iflytek.skillhub.listener.NotificationEventListener.onSkillPublishedForSubscribers(NotificationEventListener.java:76)
	at java.base/jdk.internal.reflect.DirectMethodHandleAccessor.invoke(DirectMethodHandleAccessor.java:103)
	at java.base/java.lang.reflect.Method.invoke(Method.java:580)
	at org.springframework.aop.support.AopUtils.invokeJoinpointUsingReflection(AopUtils.java:351)
	at org.springframework.aop.framework.ReflectiveMethodInvocation.invokeJoinpoint(ReflectiveMethodInvocation.java:196)
	at org.springframework.aop.framework.ReflectiveMethodInvocation.proceed(ReflectiveMethodInvocation.java:163)
	at org.springframework.aop.framework.CglibAopProxy$CglibMethodInvocation.proceed(CglibAopProxy.java:765)
	at org.springframework.aop.interceptor.AsyncExecutionInterceptor.lambda$invoke$0(AsyncExecutionInterceptor.java:113)
	at java.base/java.util.concurrent.FutureTask.run(FutureTask.java:317)
	at io.micrometer.context.ContextSnapshot.lambda$wrap$0(ContextSnapshot.java:91)
	at java.base/java.util.concurrent.ThreadPoolExecutor.runWorker(ThreadPoolExecutor.java:1144)
	at java.base/java.util.concurrent.ThreadPoolExecutor$Worker.run(ThreadPoolExecutor.java:642)
	at java.base/java.lang.Thread.run(Thread.java:1583)
Unexpected exception occurred invoking async method: public void com.iflytek.skillhub.listener.NotificationEventListener.onSkillVersionYankedForSubscribers(com.iflytek.skillhub.domain.event.SkillVersionYankedEvent)
java.lang.IllegalStateException: platform_role failed
	at com.iflytek.skillhub.listener.SubscriberAccessResolver.resolveReadableSubscribers(SubscriberAccessResolver.java:58)
	at com.iflytek.skillhub.listener.NotificationEventListener.lambda$onSkillVersionYankedForSubscribers$2(NotificationEventListener.java:115)
	at java.base/java.util.Optional.ifPresent(Optional.java:178)
	at com.iflytek.skillhub.listener.NotificationEventListener.onSkillVersionYankedForSubscribers(NotificationEventListener.java:104)
	at java.base/jdk.internal.reflect.DirectMethodHandleAccessor.invoke(DirectMethodHandleAccessor.java:103)
	at java.base/java.lang.reflect.Method.invoke(Method.java:580)
	at org.springframework.aop.support.AopUtils.invokeJoinpointUsingReflection(AopUtils.java:351)
	at org.springframework.aop.framework.ReflectiveMethodInvocation.invokeJoinpoint(ReflectiveMethodInvocation.java:196)
	at org.springframework.aop.framework.ReflectiveMethodInvocation.proceed(ReflectiveMethodInvocation.java:163)
	at org.springframework.aop.framework.CglibAopProxy$CglibMethodInvocation.proceed(CglibAopProxy.java:765)
	at org.springframework.aop.interceptor.AsyncExecutionInterceptor.lambda$invoke$0(AsyncExecutionInterceptor.java:113)
	at java.base/java.util.concurrent.FutureTask.run(FutureTask.java:317)
	at io.micrometer.context.ContextSnapshot.lambda$wrap$0(ContextSnapshot.java:91)
	at java.base/java.util.concurrent.ThreadPoolExecutor.runWorker(ThreadPoolExecutor.java:1144)
	at java.base/java.util.concurrent.ThreadPoolExecutor$Worker.run(ThreadPoolExecutor.java:642)
	at java.base/java.lang.Thread.run(Thread.java:1583)
Unexpected exception occurred invoking async method: public void com.iflytek.skillhub.listener.NotificationEventListener.onSkillVersionYankedForSubscribers(com.iflytek.skillhub.domain.event.SkillVersionYankedEvent)
java.lang.IllegalStateException: membership failed
	at com.iflytek.skillhub.listener.SubscriberAccessResolver.resolveReadableSubscribers(SubscriberAccessResolver.java:56)
	at com.iflytek.skillhub.listener.NotificationEventListener.lambda$onSkillVersionYankedForSubscribers$2(NotificationEventListener.java:115)
	at java.base/java.util.Optional.ifPresent(Optional.java:178)
	at com.iflytek.skillhub.listener.NotificationEventListener.onSkillVersionYankedForSubscribers(NotificationEventListener.java:104)
	at java.base/jdk.internal.reflect.DirectMethodHandleAccessor.invoke(DirectMethodHandleAccessor.java:103)
	at java.base/java.lang.reflect.Method.invoke(Method.java:580)
	at org.springframework.aop.support.AopUtils.invokeJoinpointUsingReflection(AopUtils.java:351)
	at org.springframework.aop.framework.ReflectiveMethodInvocation.invokeJoinpoint(ReflectiveMethodInvocation.java:196)
	at org.springframework.aop.framework.ReflectiveMethodInvocation.proceed(ReflectiveMethodInvocation.java:163)
	at org.springframework.aop.framework.CglibAopProxy$CglibMethodInvocation.proceed(CglibAopProxy.java:765)
	at org.springframework.aop.interceptor.AsyncExecutionInterceptor.lambda$invoke$0(AsyncExecutionInterceptor.java:113)
	at java.base/java.util.concurrent.FutureTask.run(FutureTask.java:317)
	at io.micrometer.context.ContextSnapshot.lambda$wrap$0(ContextSnapshot.java:91)
	at java.base/java.util.concurrent.ThreadPoolExecutor.runWorker(ThreadPoolExecutor.java:1144)
	at java.base/java.util.concurrent.ThreadPoolExecutor$Worker.run(ThreadPoolExecutor.java:642)
	at java.base/java.lang.Thread.run(Thread.java:1583)
[ERROR] Tests run: 15, Failures: 1, Errors: 0, Skipped: 0, Time elapsed: 176.7 s <<< FAILURE! -- in com.iflytek.skillhub.listener.SubscriberNotificationRuntimeIntegrationTest
[ERROR] com.iflytek.skillhub.listener.SubscriberNotificationRuntimeIntegrationTest.promotionApproved_saturatedConfiguredExecutor_persistsCommittedRowBeforeRealManagerSse -- Time elapsed: 10.31 s <<< FAILURE!
java.lang.AssertionError: configured executor did not reach 4 active workers and 100 queued tasks; observed active=0 pool=4 queued=100 remainingCapacity=0
	at com.iflytek.skillhub.listener.SubscriberNotificationRuntimeIntegrationTest.awaitCondition(SubscriberNotificationRuntimeIntegrationTest.java:562)
	at com.iflytek.skillhub.listener.SubscriberNotificationRuntimeIntegrationTest.saturateConfiguredExecutor(SubscriberNotificationRuntimeIntegrationTest.java:515)
	at com.iflytek.skillhub.listener.SubscriberNotificationRuntimeIntegrationTest.promotionApproved_saturatedConfiguredExecutor_persistsCommittedRowBeforeRealManagerSse(SubscriberNotificationRuntimeIntegrationTest.java:233)
	at java.base/java.lang.reflect.Method.invoke(Method.java:580)
	at java.base/java.util.ArrayList.forEach(ArrayList.java:1596)
	at java.base/java.util.ArrayList.forEach(ArrayList.java:1596)

[INFO] 
[INFO] Results:
[INFO] 
[ERROR] Failures: 
[ERROR]   SubscriberNotificationRuntimeIntegrationTest.promotionApproved_saturatedConfiguredExecutor_persistsCommittedRowBeforeRealManagerSse:233->saturateConfiguredExecutor:515->awaitCondition:562 configured executor did not reach 4 active workers and 100 queued tasks; observed active=0 pool=4 queued=100 remainingCapacity=0
[INFO] 
[ERROR] Tests run: 15, Failures: 1, Errors: 0, Skipped: 0
[INFO] 
[INFO] ------------------------------------------------------------------------
[INFO] Reactor Summary for skillhub-parent 0.1.0:
[INFO] 
[INFO] skillhub-parent .................................... SUCCESS [  0.015 s]
[INFO] skillhub-storage ................................... SUCCESS [ 12.093 s]
[INFO] skillhub-domain .................................... SUCCESS [  1.093 s]
[INFO] skillhub-auth ...................................... SUCCESS [  0.885 s]
[INFO] skillhub-notification .............................. SUCCESS [  0.474 s]
[INFO] skillhub-infra ..................................... SUCCESS [  0.821 s]
[INFO] skillhub-search .................................... SUCCESS [  0.549 s]
[INFO] skillhub-app ....................................... FAILURE [04:06 min]
[INFO] ------------------------------------------------------------------------
[INFO] BUILD FAILURE
[INFO] ------------------------------------------------------------------------
[INFO] Total time:  04:27 min
[INFO] Finished at: 2026-08-23T15:42:15Z
[INFO] ------------------------------------------------------------------------
[ERROR] Failed to execute goal org.apache.maven.plugins:maven-surefire-plugin:3.1.2:test (default-test) on project skillhub-app: There are test failures.
[ERROR] 
[ERROR] Please refer to /workspaces/140e8421-7099-4023-91fd-4c09406f46a2/cd0f9fa3/workdir/skillhub/server/skillhub-app/target/surefire-reports for the individual test results.
[ERROR] Please refer to dump files (if any exist) [date].dump, [date]-jvmRun[N].dump and [date].dumpstream.
[ERROR] -> [Help 1]
[ERROR] 
[ERROR] To see the full stack trace of the errors, re-run Maven with the -e switch.
[ERROR] Re-run Maven using the -X switch to enable full debug logging.
[ERROR] 
[ERROR] For more information about the errors and possible solutions, please read the following articles:
[ERROR] [Help 1] http://cwiki.apache.org/confluence/display/MAVEN/MojoFailureException
[ERROR] 
[ERROR] After correcting the problems, you can resume the build with the command
[ERROR]   mvn <args> -rf :skillhub-app
EXIT=1
