[INFO] Scanning for projects...
[INFO] ------------------------------------------------------------------------
[INFO] Reactor Build Order:
[INFO] 
[INFO] skillhub-parent                                                    [pom]
[INFO] skillhub-storage                                                   [jar]
[INFO] skillhub-domain                                                    [jar]
[INFO] skillhub-auth                                                      [jar]
[INFO] skillhub-notification                                              [jar]
[INFO] skillhub-infra                                                     [jar]
[INFO] skillhub-search                                                    [jar]
[INFO] skillhub-app                                                       [jar]
[INFO] 
[INFO] ----------------< com.iflytek.skillhub:skillhub-parent >----------------
[INFO] Building skillhub-parent 0.1.0                                     [1/8]
[INFO]   from pom.xml
[INFO] --------------------------------[ pom ]---------------------------------
[INFO] 
[INFO] ---------------< com.iflytek.skillhub:skillhub-storage >----------------
[INFO] Building skillhub-storage 0.1.0                                    [2/8]
[INFO]   from skillhub-storage/pom.xml
[INFO] --------------------------------[ jar ]---------------------------------
[INFO] 
[INFO] --- resources:3.3.1:resources (default-resources) @ skillhub-storage ---
[INFO] skip non existing resourceDirectory /workspaces/140e8421-7099-4023-91fd-4c09406f46a2/cd0f9fa3/workdir/skillhub/server/skillhub-storage/src/main/resources
[INFO] skip non existing resourceDirectory /workspaces/140e8421-7099-4023-91fd-4c09406f46a2/cd0f9fa3/workdir/skillhub/server/skillhub-storage/src/main/resources
[INFO] 
[INFO] --- compiler:3.11.0:compile (default-compile) @ skillhub-storage ---
[INFO] Nothing to compile - all classes are up to date
[INFO] 
[INFO] --- resources:3.3.1:testResources (default-testResources) @ skillhub-storage ---
[INFO] skip non existing resourceDirectory /workspaces/140e8421-7099-4023-91fd-4c09406f46a2/cd0f9fa3/workdir/skillhub/server/skillhub-storage/src/test/resources
[INFO] 
[INFO] --- compiler:3.11.0:testCompile (default-testCompile) @ skillhub-storage ---
[INFO] Nothing to compile - all classes are up to date
[INFO] 
[INFO] --- surefire:3.1.2:test (default-test) @ skillhub-storage ---
[INFO] 
[INFO] ----------------< com.iflytek.skillhub:skillhub-domain >----------------
[INFO] Building skillhub-domain 0.1.0                                     [3/8]
[INFO]   from skillhub-domain/pom.xml
[INFO] --------------------------------[ jar ]---------------------------------
[INFO] 
[INFO] --- resources:3.3.1:resources (default-resources) @ skillhub-domain ---
[INFO] skip non existing resourceDirectory /workspaces/140e8421-7099-4023-91fd-4c09406f46a2/cd0f9fa3/workdir/skillhub/server/skillhub-domain/src/main/resources
[INFO] skip non existing resourceDirectory /workspaces/140e8421-7099-4023-91fd-4c09406f46a2/cd0f9fa3/workdir/skillhub/server/skillhub-domain/src/main/resources
[INFO] 
[INFO] --- compiler:3.11.0:compile (default-compile) @ skillhub-domain ---
[INFO] Changes detected - recompiling the module! :source
[INFO] Compiling 165 source files with javac [debug release 21] to target/classes
[INFO] 
[INFO] --- resources:3.3.1:testResources (default-testResources) @ skillhub-domain ---
[INFO] Copying 1 resource from src/test/resources to target/test-classes
[INFO] 
[INFO] --- compiler:3.11.0:testCompile (default-testCompile) @ skillhub-domain ---
[INFO] Changes detected - recompiling the module! :dependency
[INFO] Compiling 35 source files with javac [debug release 21] to target/test-classes
[INFO] /workspaces/140e8421-7099-4023-91fd-4c09406f46a2/cd0f9fa3/workdir/skillhub/server/skillhub-domain/src/test/java/com/iflytek/skillhub/domain/review/PromotionServiceTest.java: /workspaces/140e8421-7099-4023-91fd-4c09406f46a2/cd0f9fa3/workdir/skillhub/server/skillhub-domain/src/test/java/com/iflytek/skillhub/domain/review/PromotionServiceTest.java uses unchecked or unsafe operations.
[INFO] /workspaces/140e8421-7099-4023-91fd-4c09406f46a2/cd0f9fa3/workdir/skillhub/server/skillhub-domain/src/test/java/com/iflytek/skillhub/domain/review/PromotionServiceTest.java: Recompile with -Xlint:unchecked for details.
[INFO] 
[INFO] --- surefire:3.1.2:test (default-test) @ skillhub-domain ---
[INFO] Using auto detected provider org.apache.maven.surefire.junitplatform.JUnitPlatformProvider
[INFO] 
[INFO] -------------------------------------------------------
[INFO]  T E S T S
[INFO] -------------------------------------------------------
[INFO] Running com.iflytek.skillhub.domain.skill.VisibilityCheckerLegacyCompatibilityTest
HD30_LEGACY_MATRIX anonymous-public=true
HD30_LEGACY_MATRIX ordinary-public=true
HD30_LEGACY_MATRIX anonymous-namespace-only=false
HD30_LEGACY_MATRIX nonmember-namespace-only=false
HD30_LEGACY_MATRIX member-namespace-only=true
HD30_LEGACY_MATRIX owner-private=true
HD30_LEGACY_MATRIX member-private=false
HD30_LEGACY_MATRIX admin-private=true
HD30_LEGACY_MATRIX ordinary-hidden=false
HD30_LEGACY_MATRIX owner-hidden=true
HD30_LEGACY_MATRIX admin-hidden=true
HD30_LEGACY_MATRIX ordinary-latest-null=false
HD30_LEGACY_MATRIX owner-latest-null=true
HD30_LEGACY_MATRIX super-admin-private=true
HD30_LEGACY_MATRIX non-super-platform-role-private=false
[INFO] Tests run: 1, Failures: 0, Errors: 0, Skipped: 0, Time elapsed: 0.519 s -- in com.iflytek.skillhub.domain.skill.VisibilityCheckerLegacyCompatibilityTest
[INFO] Running com.iflytek.skillhub.domain.skill.VisibilityCheckerTest
[INFO] Tests run: 34, Failures: 0, Errors: 0, Skipped: 0, Time elapsed: 0.887 s -- in com.iflytek.skillhub.domain.skill.VisibilityCheckerTest
[INFO] 
[INFO] Results:
[INFO] 
[INFO] Tests run: 35, Failures: 0, Errors: 0, Skipped: 0
[INFO] 
[INFO] 
[INFO] -----------------< com.iflytek.skillhub:skillhub-auth >-----------------
[INFO] Building skillhub-auth 0.1.0                                       [4/8]
[INFO]   from skillhub-auth/pom.xml
[INFO] --------------------------------[ jar ]---------------------------------
[INFO] 
[INFO] --- resources:3.3.1:resources (default-resources) @ skillhub-auth ---
[INFO] skip non existing resourceDirectory /workspaces/140e8421-7099-4023-91fd-4c09406f46a2/cd0f9fa3/workdir/skillhub/server/skillhub-auth/src/main/resources
[INFO] skip non existing resourceDirectory /workspaces/140e8421-7099-4023-91fd-4c09406f46a2/cd0f9fa3/workdir/skillhub/server/skillhub-auth/src/main/resources
[INFO] 
[INFO] --- compiler:3.11.0:compile (default-compile) @ skillhub-auth ---
[INFO] Changes detected - recompiling the module! :dependency
[INFO] Compiling 79 source files with javac [debug release 21] to target/classes
[INFO] Annotation processing is enabled because one or more processors were found
  on the class path. A future release of javac may disable annotation processing
  unless at least one processor is specified by name (-processor), or a search
  path is specified (--processor-path, --processor-module-path), or annotation
  processing is enabled explicitly (-proc:only, -proc:full).
  Use -Xlint:-options to suppress this message.
  Use -proc:none to disable annotation processing.
[INFO] 
[INFO] --- resources:3.3.1:testResources (default-testResources) @ skillhub-auth ---
[INFO] Copying 1 resource from src/test/resources to target/test-classes
[INFO] 
[INFO] --- compiler:3.11.0:testCompile (default-testCompile) @ skillhub-auth ---
[INFO] Changes detected - recompiling the module! :dependency
[INFO] Compiling 20 source files with javac [debug release 21] to target/test-classes
[INFO] Annotation processing is enabled because one or more processors were found
  on the class path. A future release of javac may disable annotation processing
  unless at least one processor is specified by name (-processor), or a search
  path is specified (--processor-path, --processor-module-path), or annotation
  processing is enabled explicitly (-proc:only, -proc:full).
  Use -Xlint:-options to suppress this message.
  Use -proc:none to disable annotation processing.
[INFO] 
[INFO] --- surefire:3.1.2:test (default-test) @ skillhub-auth ---
[INFO] Using auto detected provider org.apache.maven.surefire.junitplatform.JUnitPlatformProvider
[INFO] 
[INFO] -------------------------------------------------------
[INFO]  T E S T S
[INFO] -------------------------------------------------------
[INFO] Running com.iflytek.skillhub.auth.rbac.RbacServiceTest
WARNING: A Java agent has been loaded dynamically (/workspaces/140e8421-7099-4023-91fd-4c09406f46a2/cd0f9fa3/workdir/.toolchains/m2/repository/net/bytebuddy/byte-buddy-agent/1.14.12/byte-buddy-agent-1.14.12.jar)
WARNING: If a serviceability tool is in use, please run with -XX:+EnableDynamicAgentLoading to hide this warning
WARNING: If a serviceability tool is not in use, please run with -Djdk.instrument.traceUsage for more information
WARNING: Dynamic loading of agents will be disallowed by default in a future release
Standard Commons Logging discovery in action with spring-jcl: please remove commons-logging.jar from classpath in order to avoid potential conflicts
[INFO] Tests run: 4, Failures: 0, Errors: 0, Skipped: 0, Time elapsed: 4.859 s -- in com.iflytek.skillhub.auth.rbac.RbacServiceTest
[INFO] 
[INFO] Results:
[INFO] 
[INFO] Tests run: 4, Failures: 0, Errors: 0, Skipped: 0
[INFO] 
[INFO] 
[INFO] -------------< com.iflytek.skillhub:skillhub-notification >-------------
[INFO] Building skillhub-notification 0.1.0                               [5/8]
[INFO]   from skillhub-notification/pom.xml
[INFO] --------------------------------[ jar ]---------------------------------
[INFO] 
[INFO] --- resources:3.3.1:resources (default-resources) @ skillhub-notification ---
[INFO] skip non existing resourceDirectory /workspaces/140e8421-7099-4023-91fd-4c09406f46a2/cd0f9fa3/workdir/skillhub/server/skillhub-notification/src/main/resources
[INFO] skip non existing resourceDirectory /workspaces/140e8421-7099-4023-91fd-4c09406f46a2/cd0f9fa3/workdir/skillhub/server/skillhub-notification/src/main/resources
[INFO] 
[INFO] --- compiler:3.11.0:compile (default-compile) @ skillhub-notification ---
[INFO] Changes detected - recompiling the module! :dependency
[INFO] Compiling 12 source files with javac [debug release 21] to target/classes
[INFO] 
[INFO] --- resources:3.3.1:testResources (default-testResources) @ skillhub-notification ---
[INFO] skip non existing resourceDirectory /workspaces/140e8421-7099-4023-91fd-4c09406f46a2/cd0f9fa3/workdir/skillhub/server/skillhub-notification/src/test/resources
[INFO] 
[INFO] --- compiler:3.11.0:testCompile (default-testCompile) @ skillhub-notification ---
[INFO] Changes detected - recompiling the module! :dependency
[INFO] Compiling 6 source files with javac [debug release 21] to target/test-classes
[INFO] 
[INFO] --- surefire:3.1.2:test (default-test) @ skillhub-notification ---
[INFO] Using auto detected provider org.apache.maven.surefire.junitplatform.JUnitPlatformProvider
[INFO] 
[INFO] -------------------------------------------------------
[INFO]  T E S T S
[INFO] -------------------------------------------------------
[INFO] Running com.iflytek.skillhub.notification.service.NotificationServiceTest
WARNING: A Java agent has been loaded dynamically (/workspaces/140e8421-7099-4023-91fd-4c09406f46a2/cd0f9fa3/workdir/.toolchains/m2/repository/net/bytebuddy/byte-buddy-agent/1.14.12/byte-buddy-agent-1.14.12.jar)
WARNING: If a serviceability tool is in use, please run with -XX:+EnableDynamicAgentLoading to hide this warning
WARNING: If a serviceability tool is not in use, please run with -Djdk.instrument.traceUsage for more information
WARNING: Dynamic loading of agents will be disallowed by default in a future release
OpenJDK 64-Bit Server VM warning: Sharing is only supported for boot loader classes because bootstrap classpath has been appended
[INFO] Tests run: 10, Failures: 0, Errors: 0, Skipped: 0, Time elapsed: 7.058 s -- in com.iflytek.skillhub.notification.service.NotificationServiceTest
[INFO] Running com.iflytek.skillhub.notification.service.NotificationDispatcherTest
15:59:15.479 [main] WARN com.iflytek.skillhub.notification.service.NotificationDispatcher -- Failed to push SSE notification to user user-1
java.lang.RuntimeException: SSE failure
	at com.iflytek.skillhub.notification.sse.SseEmitterManager.push(SseEmitterManager.java:71)
	at com.iflytek.skillhub.notification.service.NotificationDispatcher.dispatch(NotificationDispatcher.java:45)
	at com.iflytek.skillhub.notification.service.NotificationDispatcherTest.dispatch_shouldStillPersistWhenSsePushFails(NotificationDispatcherTest.java:82)
	at java.base/jdk.internal.reflect.DirectMethodHandleAccessor.invoke(DirectMethodHandleAccessor.java:103)
	at java.base/java.lang.reflect.Method.invoke(Method.java:580)
	at org.junit.platform.commons.util.ReflectionUtils.invokeMethod(ReflectionUtils.java:728)
	at org.junit.jupiter.engine.execution.MethodInvocation.proceed(MethodInvocation.java:60)
	at org.junit.jupiter.engine.execution.InvocationInterceptorChain$ValidatingInvocation.proceed(InvocationInterceptorChain.java:131)
	at org.junit.jupiter.engine.extension.TimeoutExtension.intercept(TimeoutExtension.java:156)
	at org.junit.jupiter.engine.extension.TimeoutExtension.interceptTestableMethod(TimeoutExtension.java:147)
	at org.junit.jupiter.engine.extension.TimeoutExtension.interceptTestMethod(TimeoutExtension.java:86)
	at org.junit.jupiter.engine.execution.InterceptingExecutableInvoker$ReflectiveInterceptorCall.lambda$ofVoidMethod$0(InterceptingExecutableInvoker.java:103)
	at org.junit.jupiter.engine.execution.InterceptingExecutableInvoker.lambda$invoke$0(InterceptingExecutableInvoker.java:93)
	at org.junit.jupiter.engine.execution.InvocationInterceptorChain$InterceptedInvocation.proceed(InvocationInterceptorChain.java:106)
	at org.junit.jupiter.engine.execution.InvocationInterceptorChain.proceed(InvocationInterceptorChain.java:64)
	at org.junit.jupiter.engine.execution.InvocationInterceptorChain.chainAndInvoke(InvocationInterceptorChain.java:45)
	at org.junit.jupiter.engine.execution.InvocationInterceptorChain.invoke(InvocationInterceptorChain.java:37)
	at org.junit.jupiter.engine.execution.InterceptingExecutableInvoker.invoke(InterceptingExecutableInvoker.java:92)
	at org.junit.jupiter.engine.execution.InterceptingExecutableInvoker.invoke(InterceptingExecutableInvoker.java:86)
	at org.junit.jupiter.engine.descriptor.TestMethodTestDescriptor.lambda$invokeTestMethod$7(TestMethodTestDescriptor.java:218)
	at org.junit.platform.engine.support.hierarchical.ThrowableCollector.execute(ThrowableCollector.java:73)
	at org.junit.jupiter.engine.descriptor.TestMethodTestDescriptor.invokeTestMethod(TestMethodTestDescriptor.java:214)
	at org.junit.jupiter.engine.descriptor.TestMethodTestDescriptor.execute(TestMethodTestDescriptor.java:139)
	at org.junit.jupiter.engine.descriptor.TestMethodTestDescriptor.execute(TestMethodTestDescriptor.java:69)
	at org.junit.platform.engine.support.hierarchical.NodeTestTask.lambda$executeRecursively$6(NodeTestTask.java:151)
	at org.junit.platform.engine.support.hierarchical.ThrowableCollector.execute(ThrowableCollector.java:73)
	at org.junit.platform.engine.support.hierarchical.NodeTestTask.lambda$executeRecursively$8(NodeTestTask.java:141)
	at org.junit.platform.engine.support.hierarchical.Node.around(Node.java:137)
	at org.junit.platform.engine.support.hierarchical.NodeTestTask.lambda$executeRecursively$9(NodeTestTask.java:139)
	at org.junit.platform.engine.support.hierarchical.ThrowableCollector.execute(ThrowableCollector.java:73)
	at org.junit.platform.engine.support.hierarchical.NodeTestTask.executeRecursively(NodeTestTask.java:138)
	at org.junit.platform.engine.support.hierarchical.NodeTestTask.execute(NodeTestTask.java:95)
	at java.base/java.util.ArrayList.forEach(ArrayList.java:1596)
	at org.junit.platform.engine.support.hierarchical.SameThreadHierarchicalTestExecutorService.invokeAll(SameThreadHierarchicalTestExecutorService.java:41)
	at org.junit.platform.engine.support.hierarchical.NodeTestTask.lambda$executeRecursively$6(NodeTestTask.java:155)
	at org.junit.platform.engine.support.hierarchical.ThrowableCollector.execute(ThrowableCollector.java:73)
	at org.junit.platform.engine.support.hierarchical.NodeTestTask.lambda$executeRecursively$8(NodeTestTask.java:141)
	at org.junit.platform.engine.support.hierarchical.Node.around(Node.java:137)
	at org.junit.platform.engine.support.hierarchical.NodeTestTask.lambda$executeRecursively$9(NodeTestTask.java:139)
	at org.junit.platform.engine.support.hierarchical.ThrowableCollector.execute(ThrowableCollector.java:73)
	at org.junit.platform.engine.support.hierarchical.NodeTestTask.executeRecursively(NodeTestTask.java:138)
	at org.junit.platform.engine.support.hierarchical.NodeTestTask.execute(NodeTestTask.java:95)
	at java.base/java.util.ArrayList.forEach(ArrayList.java:1596)
	at org.junit.platform.engine.support.hierarchical.SameThreadHierarchicalTestExecutorService.invokeAll(SameThreadHierarchicalTestExecutorService.java:41)
	at org.junit.platform.engine.support.hierarchical.NodeTestTask.lambda$executeRecursively$6(NodeTestTask.java:155)
	at org.junit.platform.engine.support.hierarchical.ThrowableCollector.execute(ThrowableCollector.java:73)
	at org.junit.platform.engine.support.hierarchical.NodeTestTask.lambda$executeRecursively$8(NodeTestTask.java:141)
	at org.junit.platform.engine.support.hierarchical.Node.around(Node.java:137)
	at org.junit.platform.engine.support.hierarchical.NodeTestTask.lambda$executeRecursively$9(NodeTestTask.java:139)
	at org.junit.platform.engine.support.hierarchical.ThrowableCollector.execute(ThrowableCollector.java:73)
	at org.junit.platform.engine.support.hierarchical.NodeTestTask.executeRecursively(NodeTestTask.java:138)
	at org.junit.platform.engine.support.hierarchical.NodeTestTask.execute(NodeTestTask.java:95)
	at org.junit.platform.engine.support.hierarchical.SameThreadHierarchicalTestExecutorService.submit(SameThreadHierarchicalTestExecutorService.java:35)
	at org.junit.platform.engine.support.hierarchical.HierarchicalTestExecutor.execute(HierarchicalTestExecutor.java:57)
	at org.junit.platform.engine.support.hierarchical.HierarchicalTestEngine.execute(HierarchicalTestEngine.java:54)
	at org.junit.platform.launcher.core.EngineExecutionOrchestrator.execute(EngineExecutionOrchestrator.java:198)
	at org.junit.platform.launcher.core.EngineExecutionOrchestrator.execute(EngineExecutionOrchestrator.java:169)
	at org.junit.platform.launcher.core.EngineExecutionOrchestrator.execute(EngineExecutionOrchestrator.java:93)
	at org.junit.platform.launcher.core.EngineExecutionOrchestrator.lambda$execute$0(EngineExecutionOrchestrator.java:58)
	at org.junit.platform.launcher.core.EngineExecutionOrchestrator.withInterceptedStreams(EngineExecutionOrchestrator.java:141)
	at org.junit.platform.launcher.core.EngineExecutionOrchestrator.execute(EngineExecutionOrchestrator.java:57)
	at org.junit.platform.launcher.core.DefaultLauncher.execute(DefaultLauncher.java:103)
	at org.junit.platform.launcher.core.DefaultLauncher.execute(DefaultLauncher.java:85)
	at org.junit.platform.launcher.core.DelegatingLauncher.execute(DelegatingLauncher.java:47)
	at org.apache.maven.surefire.junitplatform.LazyLauncher.execute(LazyLauncher.java:56)
	at org.apache.maven.surefire.junitplatform.JUnitPlatformProvider.execute(JUnitPlatformProvider.java:184)
	at org.apache.maven.surefire.junitplatform.JUnitPlatformProvider.invokeAllTests(JUnitPlatformProvider.java:148)
	at org.apache.maven.surefire.junitplatform.JUnitPlatformProvider.invoke(JUnitPlatformProvider.java:122)
	at org.apache.maven.surefire.booter.ForkedBooter.runSuitesInProcess(ForkedBooter.java:385)
	at org.apache.maven.surefire.booter.ForkedBooter.execute(ForkedBooter.java:162)
	at org.apache.maven.surefire.booter.ForkedBooter.run(ForkedBooter.java:507)
	at org.apache.maven.surefire.booter.ForkedBooter.main(ForkedBooter.java:495)
[INFO] Tests run: 3, Failures: 0, Errors: 0, Skipped: 0, Time elapsed: 2.220 s -- in com.iflytek.skillhub.notification.service.NotificationDispatcherTest
[INFO] 
[INFO] Results:
[INFO] 
[INFO] Tests run: 13, Failures: 0, Errors: 0, Skipped: 0
[INFO] 
[INFO] 
[INFO] ----------------< com.iflytek.skillhub:skillhub-infra >-----------------
[INFO] Building skillhub-infra 0.1.0                                      [6/8]
[INFO]   from skillhub-infra/pom.xml
[INFO] --------------------------------[ jar ]---------------------------------
[INFO] 
[INFO] --- resources:3.3.1:resources (default-resources) @ skillhub-infra ---
[INFO] skip non existing resourceDirectory /workspaces/140e8421-7099-4023-91fd-4c09406f46a2/cd0f9fa3/workdir/skillhub/server/skillhub-infra/src/main/resources
[INFO] skip non existing resourceDirectory /workspaces/140e8421-7099-4023-91fd-4c09406f46a2/cd0f9fa3/workdir/skillhub/server/skillhub-infra/src/main/resources
[INFO] 
[INFO] --- compiler:3.11.0:compile (default-compile) @ skillhub-infra ---
[INFO] Changes detected - recompiling the module! :dependency
[INFO] Compiling 40 source files with javac [debug release 21] to target/classes
[INFO] 
[INFO] --- resources:3.3.1:testResources (default-testResources) @ skillhub-infra ---
[INFO] skip non existing resourceDirectory /workspaces/140e8421-7099-4023-91fd-4c09406f46a2/cd0f9fa3/workdir/skillhub/server/skillhub-infra/src/test/resources
[INFO] 
[INFO] --- compiler:3.11.0:testCompile (default-testCompile) @ skillhub-infra ---
[INFO] Changes detected - recompiling the module! :dependency
[INFO] Compiling 3 source files with javac [debug release 21] to target/test-classes
[INFO] 
[INFO] --- surefire:3.1.2:test (default-test) @ skillhub-infra ---
[INFO] 
[INFO] ----------------< com.iflytek.skillhub:skillhub-search >----------------
[INFO] Building skillhub-search 0.1.0                                     [7/8]
[INFO]   from skillhub-search/pom.xml
[INFO] --------------------------------[ jar ]---------------------------------
[INFO] 
[INFO] --- resources:3.3.1:resources (default-resources) @ skillhub-search ---
[INFO] skip non existing resourceDirectory /workspaces/140e8421-7099-4023-91fd-4c09406f46a2/cd0f9fa3/workdir/skillhub/server/skillhub-search/src/main/resources
[INFO] skip non existing resourceDirectory /workspaces/140e8421-7099-4023-91fd-4c09406f46a2/cd0f9fa3/workdir/skillhub/server/skillhub-search/src/main/resources
[INFO] 
[INFO] --- compiler:3.11.0:compile (default-compile) @ skillhub-search ---
[INFO] Changes detected - recompiling the module! :dependency
[INFO] Compiling 17 source files with javac [debug release 21] to target/classes
[INFO] 
[INFO] --- resources:3.3.1:testResources (default-testResources) @ skillhub-search ---
[INFO] Copying 1 resource from src/test/resources to target/test-classes
[INFO] 
[INFO] --- compiler:3.11.0:testCompile (default-testCompile) @ skillhub-search ---
[INFO] Changes detected - recompiling the module! :dependency
[INFO] Compiling 6 source files with javac [debug release 21] to target/test-classes
[INFO] 
[INFO] --- surefire:3.1.2:test (default-test) @ skillhub-search ---
[INFO] 
[INFO] -----------------< com.iflytek.skillhub:skillhub-app >------------------
[INFO] Building skillhub-app 0.1.0                                        [8/8]
[INFO]   from skillhub-app/pom.xml
[INFO] --------------------------------[ jar ]---------------------------------
[INFO] 
[INFO] --- resources:3.3.1:resources (default-resources) @ skillhub-app ---
[INFO] Copying 3 resources from src/main/resources to target/classes
[INFO] Copying 49 resources from src/main/resources to target/classes
[INFO] 
[INFO] --- compiler:3.11.0:compile (default-compile) @ skillhub-app ---
[INFO] Changes detected - recompiling the module! :dependency
[INFO] Compiling 317 source files with javac [debug release 21] to target/classes
[INFO] 
[INFO] --- resources:3.3.1:testResources (default-testResources) @ skillhub-app ---
[INFO] Copying 3 resources from src/test/resources to target/test-classes
[INFO] 
[INFO] --- compiler:3.11.0:testCompile (default-testCompile) @ skillhub-app ---
[INFO] Changes detected - recompiling the module! :dependency
[INFO] Compiling 151 source files with javac [debug release 21] to target/test-classes
[INFO] /workspaces/140e8421-7099-4023-91fd-4c09406f46a2/cd0f9fa3/workdir/skillhub/server/skillhub-app/src/test/java/com/iflytek/skillhub/notification/sse/RecordingSseEmitterTestConfiguration.java: Some input files use or override a deprecated API.
[INFO] /workspaces/140e8421-7099-4023-91fd-4c09406f46a2/cd0f9fa3/workdir/skillhub/server/skillhub-app/src/test/java/com/iflytek/skillhub/notification/sse/RecordingSseEmitterTestConfiguration.java: Recompile with -Xlint:deprecation for details.
[INFO] /workspaces/140e8421-7099-4023-91fd-4c09406f46a2/cd0f9fa3/workdir/skillhub/server/skillhub-app/src/test/java/com/iflytek/skillhub/service/AdminAuditLogAppServiceTest.java: Some input files use unchecked or unsafe operations.
[INFO] /workspaces/140e8421-7099-4023-91fd-4c09406f46a2/cd0f9fa3/workdir/skillhub/server/skillhub-app/src/test/java/com/iflytek/skillhub/service/AdminAuditLogAppServiceTest.java: Recompile with -Xlint:unchecked for details.
[INFO] 
[INFO] --- surefire:3.1.2:test (default-test) @ skillhub-app ---
[INFO] Using auto detected provider org.apache.maven.surefire.junitplatform.JUnitPlatformProvider
[INFO] 
[INFO] -------------------------------------------------------
[INFO]  T E S T S
[INFO] -------------------------------------------------------
[INFO] Running com.iflytek.skillhub.controller.portal.SkillSubscriptionControllerTest
Standard Commons Logging discovery in action with spring-jcl: please remove commons-logging.jar from classpath in order to avoid potential conflicts
WARNING: A Java agent has been loaded dynamically (/workspaces/140e8421-7099-4023-91fd-4c09406f46a2/cd0f9fa3/workdir/.toolchains/m2/repository/net/bytebuddy/byte-buddy-agent/1.14.12/byte-buddy-agent-1.14.12.jar)
WARNING: If a serviceability tool is in use, please run with -XX:+EnableDynamicAgentLoading to hide this warning
WARNING: If a serviceability tool is not in use, please run with -Djdk.instrument.traceUsage for more information
WARNING: Dynamic loading of agents will be disallowed by default in a future release
main dict load finished, time elapsed 8216 ms
model load finished, time elapsed 276 ms.
[INFO] Tests run: 7, Failures: 0, Errors: 0, Skipped: 0, Time elapsed: 118.9 s -- in com.iflytek.skillhub.controller.portal.SkillSubscriptionControllerTest
[INFO] Running com.iflytek.skillhub.listener.SubscriberNotificationRuntimeIntegrationTest
Unexpected exception occurred invoking async method: public void com.iflytek.skillhub.listener.NotificationEventListener.onSkillVersionYankedForSubscribers(com.iflytek.skillhub.domain.event.SkillVersionYankedEvent)
java.lang.IllegalStateException: namespace failed
	at com.iflytek.skillhub.listener.NotificationEventListener.lambda$onSkillVersionYankedForSubscribers$2(NotificationEventListener.java:109)
	at java.base/java.util.Optional.ifPresent(Optional.java:178)
	at com.iflytek.skillhub.listener.NotificationEventListener.onSkillVersionYankedForSubscribers(NotificationEventListener.java:104)
	at java.base/jdk.internal.reflect.DirectMethodHandleAccessor.invoke(DirectMethodHandleAccessor.java:103)
	at java.base/java.lang.reflect.Method.invoke(Method.java:580)
	at org.springframework.aop.support.AopUtils.invokeJoinpointUsingReflection(AopUtils.java:351)
	at org.springframework.aop.framework.ReflectiveMethodInvocation.invokeJoinpoint(ReflectiveMethodInvocation.java:196)
	at org.springframework.aop.framework.ReflectiveMethodInvocation.proceed(ReflectiveMethodInvocation.java:163)
	at org.springframework.aop.framework.CglibAopProxy$CglibMethodInvocation.proceed(CglibAopProxy.java:765)
	at org.springframework.aop.interceptor.AsyncExecutionInterceptor.lambda$invoke$0(AsyncExecutionInterceptor.java:113)
	at java.base/java.util.concurrent.FutureTask.run(FutureTask.java:317)
	at io.micrometer.context.ContextSnapshot.lambda$wrap$0(ContextSnapshot.java:91)
	at java.base/java.util.concurrent.ThreadPoolExecutor.runWorker(ThreadPoolExecutor.java:1144)
	at java.base/java.util.concurrent.ThreadPoolExecutor$Worker.run(ThreadPoolExecutor.java:642)
	at java.base/java.lang.Thread.run(Thread.java:1583)
Unexpected exception occurred invoking async method: public void com.iflytek.skillhub.search.event.SearchIndexEventListener.onSkillPublished(com.iflytek.skillhub.domain.event.SkillPublishedEvent)
java.lang.IllegalStateException: namespace failed
	at com.iflytek.skillhub.search.postgres.PostgresSearchRebuildService.toDocument(PostgresSearchRebuildService.java:300)
	at com.iflytek.skillhub.search.postgres.PostgresSearchRebuildService.rebuildBySkill(PostgresSearchRebuildService.java:120)
	at com.iflytek.skillhub.search.event.SearchIndexEventListener.onSkillPublished(SearchIndexEventListener.java:32)
	at java.base/jdk.internal.reflect.DirectMethodHandleAccessor.invoke(DirectMethodHandleAccessor.java:103)
	at java.base/java.lang.reflect.Method.invoke(Method.java:580)
	at org.springframework.aop.support.AopUtils.invokeJoinpointUsingReflection(AopUtils.java:351)
	at org.springframework.aop.framework.ReflectiveMethodInvocation.invokeJoinpoint(ReflectiveMethodInvocation.java:196)
	at org.springframework.aop.framework.ReflectiveMethodInvocation.proceed(ReflectiveMethodInvocation.java:163)
	at org.springframework.aop.framework.CglibAopProxy$CglibMethodInvocation.proceed(CglibAopProxy.java:765)
	at org.springframework.aop.interceptor.AsyncExecutionInterceptor.lambda$invoke$0(AsyncExecutionInterceptor.java:113)
	at java.base/java.util.concurrent.FutureTask.run(FutureTask.java:317)
	at io.micrometer.context.ContextSnapshot.lambda$wrap$0(ContextSnapshot.java:91)
	at java.base/java.util.concurrent.ThreadPoolExecutor.runWorker(ThreadPoolExecutor.java:1144)
	at java.base/java.util.concurrent.ThreadPoolExecutor$Worker.run(ThreadPoolExecutor.java:642)
	at java.base/java.lang.Thread.run(Thread.java:1583)
Unexpected exception occurred invoking async method: public void com.iflytek.skillhub.listener.NotificationEventListener.onSkillPublishedForSubscribers(com.iflytek.skillhub.domain.event.SkillPublishedEvent)
java.lang.IllegalStateException: namespace failed
	at com.iflytek.skillhub.listener.NotificationEventListener.lambda$onSkillPublishedForSubscribers$1(NotificationEventListener.java:81)
	at java.base/java.util.Optional.ifPresent(Optional.java:178)
	at com.iflytek.skillhub.listener.NotificationEventListener.onSkillPublishedForSubscribers(NotificationEventListener.java:76)
	at java.base/jdk.internal.reflect.DirectMethodHandleAccessor.invoke(DirectMethodHandleAccessor.java:103)
	at java.base/java.lang.reflect.Method.invoke(Method.java:580)
	at org.springframework.aop.support.AopUtils.invokeJoinpointUsingReflection(AopUtils.java:351)
	at org.springframework.aop.framework.ReflectiveMethodInvocation.invokeJoinpoint(ReflectiveMethodInvocation.java:196)
	at org.springframework.aop.framework.ReflectiveMethodInvocation.proceed(ReflectiveMethodInvocation.java:163)
	at org.springframework.aop.framework.CglibAopProxy$CglibMethodInvocation.proceed(CglibAopProxy.java:765)
	at org.springframework.aop.interceptor.AsyncExecutionInterceptor.lambda$invoke$0(AsyncExecutionInterceptor.java:113)
	at java.base/java.util.concurrent.FutureTask.run(FutureTask.java:317)
	at io.micrometer.context.ContextSnapshot.lambda$wrap$0(ContextSnapshot.java:91)
	at java.base/java.util.concurrent.ThreadPoolExecutor.runWorker(ThreadPoolExecutor.java:1144)
	at java.base/java.util.concurrent.ThreadPoolExecutor$Worker.run(ThreadPoolExecutor.java:642)
	at java.base/java.lang.Thread.run(Thread.java:1583)
Unexpected exception occurred invoking async method: public void com.iflytek.skillhub.listener.NotificationEventListener.onSkillPublishedForSubscribers(com.iflytek.skillhub.domain.event.SkillPublishedEvent)
java.lang.IllegalStateException: membership failed
	at com.iflytek.skillhub.listener.SubscriberAccessResolver.resolveReadableSubscribers(SubscriberAccessResolver.java:56)
	at com.iflytek.skillhub.listener.NotificationEventListener.lambda$onSkillPublishedForSubscribers$1(NotificationEventListener.java:85)
	at java.base/java.util.Optional.ifPresent(Optional.java:178)
	at com.iflytek.skillhub.listener.NotificationEventListener.onSkillPublishedForSubscribers(NotificationEventListener.java:76)
	at java.base/jdk.internal.reflect.DirectMethodHandleAccessor.invoke(DirectMethodHandleAccessor.java:103)
	at java.base/java.lang.reflect.Method.invoke(Method.java:580)
	at org.springframework.aop.support.AopUtils.invokeJoinpointUsingReflection(AopUtils.java:351)
	at org.springframework.aop.framework.ReflectiveMethodInvocation.invokeJoinpoint(ReflectiveMethodInvocation.java:196)
	at org.springframework.aop.framework.ReflectiveMethodInvocation.proceed(ReflectiveMethodInvocation.java:163)
	at org.springframework.aop.framework.CglibAopProxy$CglibMethodInvocation.proceed(CglibAopProxy.java:765)
	at org.springframework.aop.interceptor.AsyncExecutionInterceptor.lambda$invoke$0(AsyncExecutionInterceptor.java:113)
	at java.base/java.util.concurrent.FutureTask.run(FutureTask.java:317)
	at io.micrometer.context.ContextSnapshot.lambda$wrap$0(ContextSnapshot.java:91)
	at java.base/java.util.concurrent.ThreadPoolExecutor.runWorker(ThreadPoolExecutor.java:1144)
	at java.base/java.util.concurrent.ThreadPoolExecutor$Worker.run(ThreadPoolExecutor.java:642)
	at java.base/java.lang.Thread.run(Thread.java:1583)
Unexpected exception occurred invoking async method: public void com.iflytek.skillhub.listener.NotificationEventListener.onSkillVersionYankedForSubscribers(com.iflytek.skillhub.domain.event.SkillVersionYankedEvent)
java.lang.IllegalStateException: account failed
	at com.iflytek.skillhub.listener.SubscriberAccessResolver.resolveReadableSubscribers(SubscriberAccessResolver.java:51)
	at com.iflytek.skillhub.listener.NotificationEventListener.lambda$onSkillVersionYankedForSubscribers$2(NotificationEventListener.java:115)
	at java.base/java.util.Optional.ifPresent(Optional.java:178)
	at com.iflytek.skillhub.listener.NotificationEventListener.onSkillVersionYankedForSubscribers(NotificationEventListener.java:104)
	at java.base/jdk.internal.reflect.DirectMethodHandleAccessor.invoke(DirectMethodHandleAccessor.java:103)
	at java.base/java.lang.reflect.Method.invoke(Method.java:580)
	at org.springframework.aop.support.AopUtils.invokeJoinpointUsingReflection(AopUtils.java:351)
	at org.springframework.aop.framework.ReflectiveMethodInvocation.invokeJoinpoint(ReflectiveMethodInvocation.java:196)
	at org.springframework.aop.framework.ReflectiveMethodInvocation.proceed(ReflectiveMethodInvocation.java:163)
	at org.springframework.aop.framework.CglibAopProxy$CglibMethodInvocation.proceed(CglibAopProxy.java:765)
	at org.springframework.aop.interceptor.AsyncExecutionInterceptor.lambda$invoke$0(AsyncExecutionInterceptor.java:113)
	at java.base/java.util.concurrent.FutureTask.run(FutureTask.java:317)
	at io.micrometer.context.ContextSnapshot.lambda$wrap$0(ContextSnapshot.java:91)
	at java.base/java.util.concurrent.ThreadPoolExecutor.runWorker(ThreadPoolExecutor.java:1144)
	at java.base/java.util.concurrent.ThreadPoolExecutor$Worker.run(ThreadPoolExecutor.java:642)
	at java.base/java.lang.Thread.run(Thread.java:1583)
Unexpected exception occurred invoking async method: public void com.iflytek.skillhub.listener.NotificationEventListener.onSkillPublishedForSubscribers(com.iflytek.skillhub.domain.event.SkillPublishedEvent)
java.lang.IllegalStateException: account failed
	at com.iflytek.skillhub.listener.SubscriberAccessResolver.resolveReadableSubscribers(SubscriberAccessResolver.java:51)
	at com.iflytek.skillhub.listener.NotificationEventListener.lambda$onSkillPublishedForSubscribers$1(NotificationEventListener.java:85)
	at java.base/java.util.Optional.ifPresent(Optional.java:178)
	at com.iflytek.skillhub.listener.NotificationEventListener.onSkillPublishedForSubscribers(NotificationEventListener.java:76)
	at java.base/jdk.internal.reflect.DirectMethodHandleAccessor.invoke(DirectMethodHandleAccessor.java:103)
	at java.base/java.lang.reflect.Method.invoke(Method.java:580)
	at org.springframework.aop.support.AopUtils.invokeJoinpointUsingReflection(AopUtils.java:351)
	at org.springframework.aop.framework.ReflectiveMethodInvocation.invokeJoinpoint(ReflectiveMethodInvocation.java:196)
	at org.springframework.aop.framework.ReflectiveMethodInvocation.proceed(ReflectiveMethodInvocation.java:163)
	at org.springframework.aop.framework.CglibAopProxy$CglibMethodInvocation.proceed(CglibAopProxy.java:765)
	at org.springframework.aop.interceptor.AsyncExecutionInterceptor.lambda$invoke$0(AsyncExecutionInterceptor.java:113)
	at java.base/java.util.concurrent.FutureTask.run(FutureTask.java:317)
	at io.micrometer.context.ContextSnapshot.lambda$wrap$0(ContextSnapshot.java:91)
	at java.base/java.util.concurrent.ThreadPoolExecutor.runWorker(ThreadPoolExecutor.java:1144)
	at java.base/java.util.concurrent.ThreadPoolExecutor$Worker.run(ThreadPoolExecutor.java:642)
	at java.base/java.lang.Thread.run(Thread.java:1583)
Unexpected exception occurred invoking async method: public void com.iflytek.skillhub.listener.NotificationEventListener.onSkillPublishedForSubscribers(com.iflytek.skillhub.domain.event.SkillPublishedEvent)
java.lang.IllegalStateException: platform_role failed
	at com.iflytek.skillhub.listener.SubscriberAccessResolver.resolveReadableSubscribers(SubscriberAccessResolver.java:58)
	at com.iflytek.skillhub.listener.NotificationEventListener.lambda$onSkillPublishedForSubscribers$1(NotificationEventListener.java:85)
	at java.base/java.util.Optional.ifPresent(Optional.java:178)
	at com.iflytek.skillhub.listener.NotificationEventListener.onSkillPublishedForSubscribers(NotificationEventListener.java:76)
	at java.base/jdk.internal.reflect.DirectMethodHandleAccessor.invoke(DirectMethodHandleAccessor.java:103)
	at java.base/java.lang.reflect.Method.invoke(Method.java:580)
	at org.springframework.aop.support.AopUtils.invokeJoinpointUsingReflection(AopUtils.java:351)
	at org.springframework.aop.framework.ReflectiveMethodInvocation.invokeJoinpoint(ReflectiveMethodInvocation.java:196)
	at org.springframework.aop.framework.ReflectiveMethodInvocation.proceed(ReflectiveMethodInvocation.java:163)
	at org.springframework.aop.framework.CglibAopProxy$CglibMethodInvocation.proceed(CglibAopProxy.java:765)
	at org.springframework.aop.interceptor.AsyncExecutionInterceptor.lambda$invoke$0(AsyncExecutionInterceptor.java:113)
	at java.base/java.util.concurrent.FutureTask.run(FutureTask.java:317)
	at io.micrometer.context.ContextSnapshot.lambda$wrap$0(ContextSnapshot.java:91)
	at java.base/java.util.concurrent.ThreadPoolExecutor.runWorker(ThreadPoolExecutor.java:1144)
	at java.base/java.util.concurrent.ThreadPoolExecutor$Worker.run(ThreadPoolExecutor.java:642)
	at java.base/java.lang.Thread.run(Thread.java:1583)
Unexpected exception occurred invoking async method: public void com.iflytek.skillhub.listener.NotificationEventListener.onSkillVersionYankedForSubscribers(com.iflytek.skillhub.domain.event.SkillVersionYankedEvent)
java.lang.IllegalStateException: platform_role failed
	at com.iflytek.skillhub.listener.SubscriberAccessResolver.resolveReadableSubscribers(SubscriberAccessResolver.java:58)
	at com.iflytek.skillhub.listener.NotificationEventListener.lambda$onSkillVersionYankedForSubscribers$2(NotificationEventListener.java:115)
	at java.base/java.util.Optional.ifPresent(Optional.java:178)
	at com.iflytek.skillhub.listener.NotificationEventListener.onSkillVersionYankedForSubscribers(NotificationEventListener.java:104)
	at java.base/jdk.internal.reflect.DirectMethodHandleAccessor.invoke(DirectMethodHandleAccessor.java:103)
	at java.base/java.lang.reflect.Method.invoke(Method.java:580)
	at org.springframework.aop.support.AopUtils.invokeJoinpointUsingReflection(AopUtils.java:351)
	at org.springframework.aop.framework.ReflectiveMethodInvocation.invokeJoinpoint(ReflectiveMethodInvocation.java:196)
	at org.springframework.aop.framework.ReflectiveMethodInvocation.proceed(ReflectiveMethodInvocation.java:163)
	at org.springframework.aop.framework.CglibAopProxy$CglibMethodInvocation.proceed(CglibAopProxy.java:765)
	at org.springframework.aop.interceptor.AsyncExecutionInterceptor.lambda$invoke$0(AsyncExecutionInterceptor.java:113)
	at java.base/java.util.concurrent.FutureTask.run(FutureTask.java:317)
	at io.micrometer.context.ContextSnapshot.lambda$wrap$0(ContextSnapshot.java:91)
	at java.base/java.util.concurrent.ThreadPoolExecutor.runWorker(ThreadPoolExecutor.java:1144)
	at java.base/java.util.concurrent.ThreadPoolExecutor$Worker.run(ThreadPoolExecutor.java:642)
	at java.base/java.lang.Thread.run(Thread.java:1583)
Unexpected exception occurred invoking async method: public void com.iflytek.skillhub.listener.NotificationEventListener.onSkillVersionYankedForSubscribers(com.iflytek.skillhub.domain.event.SkillVersionYankedEvent)
java.lang.IllegalStateException: membership failed
	at com.iflytek.skillhub.listener.SubscriberAccessResolver.resolveReadableSubscribers(SubscriberAccessResolver.java:56)
	at com.iflytek.skillhub.listener.NotificationEventListener.lambda$onSkillVersionYankedForSubscribers$2(NotificationEventListener.java:115)
	at java.base/java.util.Optional.ifPresent(Optional.java:178)
	at com.iflytek.skillhub.listener.NotificationEventListener.onSkillVersionYankedForSubscribers(NotificationEventListener.java:104)
	at java.base/jdk.internal.reflect.DirectMethodHandleAccessor.invoke(DirectMethodHandleAccessor.java:103)
	at java.base/java.lang.reflect.Method.invoke(Method.java:580)
	at org.springframework.aop.support.AopUtils.invokeJoinpointUsingReflection(AopUtils.java:351)
	at org.springframework.aop.framework.ReflectiveMethodInvocation.invokeJoinpoint(ReflectiveMethodInvocation.java:196)
	at org.springframework.aop.framework.ReflectiveMethodInvocation.proceed(ReflectiveMethodInvocation.java:163)
	at org.springframework.aop.framework.CglibAopProxy$CglibMethodInvocation.proceed(CglibAopProxy.java:765)
	at org.springframework.aop.interceptor.AsyncExecutionInterceptor.lambda$invoke$0(AsyncExecutionInterceptor.java:113)
	at java.base/java.util.concurrent.FutureTask.run(FutureTask.java:317)
	at io.micrometer.context.ContextSnapshot.lambda$wrap$0(ContextSnapshot.java:91)
	at java.base/java.util.concurrent.ThreadPoolExecutor.runWorker(ThreadPoolExecutor.java:1144)
	at java.base/java.util.concurrent.ThreadPoolExecutor$Worker.run(ThreadPoolExecutor.java:642)
	at java.base/java.lang.Thread.run(Thread.java:1583)
[INFO] Tests run: 15, Failures: 0, Errors: 0, Skipped: 0, Time elapsed: 34.37 s -- in com.iflytek.skillhub.listener.SubscriberNotificationRuntimeIntegrationTest
[INFO] Running com.iflytek.skillhub.listener.SubscriberAccessResolverTest
[INFO] Tests run: 6, Failures: 0, Errors: 0, Skipped: 0, Time elapsed: 0.672 s -- in com.iflytek.skillhub.listener.SubscriberAccessResolverTest
[INFO] Running com.iflytek.skillhub.listener.SubscriberNotificationSinkTest
[INFO] Tests run: 17, Failures: 0, Errors: 0, Skipped: 0, Time elapsed: 1.275 s -- in com.iflytek.skillhub.listener.SubscriberNotificationSinkTest
[INFO] Running com.iflytek.skillhub.listener.NotificationEventListenerTest
[INFO] Tests run: 14, Failures: 0, Errors: 0, Skipped: 0, Time elapsed: 3.520 s -- in com.iflytek.skillhub.listener.NotificationEventListenerTest
[INFO] Running com.iflytek.skillhub.exception.SubscriptionMessageBundleTest
[INFO] Tests run: 1, Failures: 0, Errors: 0, Skipped: 0, Time elapsed: 0.081 s -- in com.iflytek.skillhub.exception.SubscriptionMessageBundleTest
[INFO] Running com.iflytek.skillhub.domain.social.SkillSubscriptionServiceTest
[INFO] Tests run: 14, Failures: 0, Errors: 0, Skipped: 0, Time elapsed: 0.830 s -- in com.iflytek.skillhub.domain.social.SkillSubscriptionServiceTest
[INFO] 
[INFO] Results:
[INFO] 
[INFO] Tests run: 74, Failures: 0, Errors: 0, Skipped: 0
[INFO] 
[INFO] ------------------------------------------------------------------------
[INFO] Reactor Summary for skillhub-parent 0.1.0:
[INFO] 
[INFO] skillhub-parent .................................... SUCCESS [  0.010 s]
[INFO] skillhub-storage ................................... SUCCESS [  5.654 s]
[INFO] skillhub-domain .................................... SUCCESS [ 32.715 s]
[INFO] skillhub-auth ...................................... SUCCESS [ 21.241 s]
[INFO] skillhub-notification .............................. SUCCESS [ 17.171 s]
[INFO] skillhub-infra ..................................... SUCCESS [  5.182 s]
[INFO] skillhub-search .................................... SUCCESS [  4.282 s]
[INFO] skillhub-app ....................................... SUCCESS [03:23 min]
[INFO] ------------------------------------------------------------------------
[INFO] BUILD SUCCESS
[INFO] ------------------------------------------------------------------------
[INFO] Total time:  04:51 min
[INFO] Finished at: 2026-08-23T16:02:48Z
[INFO] ------------------------------------------------------------------------
BLOCK1_EXIT=0
